// Jest Snapshot v1, https://goo.gl/fbAQLP

exports[`minimal usage 1`] = `
Object {
  "Outputs": Object {
    "ThingApiThingRestApiEndpoint04BF5D13": Object {
      "Value": Object {
        "Fn::Join": Array [
          "",
          Array [
            "https://",
            Object {
              "Ref": "ThingApiThingRestApi8AD2DCAF",
            },
            ".execute-api.",
            Object {
              "Ref": "AWS::Region",
            },
            ".",
            Object {
              "Ref": "AWS::URLSuffix",
            },
            "/",
            Object {
              "Ref": "ThingApiThingRestApiDeploymentStageprodFDA980A2",
            },
            "/",
          ],
        ],
      },
    },
  },
  "Parameters": Object {
    "AssetParameters15e3f6258e12c5a861784b2e9f3e2a619f4bc3ccc704859c47dbd4e463c4d94fArtifactHashFA91E6E8": Object {
      "Description": "Artifact hash for asset \\"15e3f6258e12c5a861784b2e9f3e2a619f4bc3ccc704859c47dbd4e463c4d94f\\"",
      "Type": "String",
    },
    "AssetParameters15e3f6258e12c5a861784b2e9f3e2a619f4bc3ccc704859c47dbd4e463c4d94fS3Bucket7C5B6D10": Object {
      "Description": "S3 bucket for asset \\"15e3f6258e12c5a861784b2e9f3e2a619f4bc3ccc704859c47dbd4e463c4d94f\\"",
      "Type": "String",
    },
    "AssetParameters15e3f6258e12c5a861784b2e9f3e2a619f4bc3ccc704859c47dbd4e463c4d94fS3VersionKeyDCDE9957": Object {
      "Description": "S3 key for asset version \\"15e3f6258e12c5a861784b2e9f3e2a619f4bc3ccc704859c47dbd4e463c4d94f\\"",
      "Type": "String",
    },
    "AssetParameters59da3f0b76505aea832fe0b8595bcfc05daa1ea7443bd323b5adf4203bba0a42ArtifactHashF61D5ABD": Object {
      "Description": "Artifact hash for asset \\"59da3f0b76505aea832fe0b8595bcfc05daa1ea7443bd323b5adf4203bba0a42\\"",
      "Type": "String",
    },
    "AssetParameters59da3f0b76505aea832fe0b8595bcfc05daa1ea7443bd323b5adf4203bba0a42S3Bucket62035302": Object {
      "Description": "S3 bucket for asset \\"59da3f0b76505aea832fe0b8595bcfc05daa1ea7443bd323b5adf4203bba0a42\\"",
      "Type": "String",
    },
    "AssetParameters59da3f0b76505aea832fe0b8595bcfc05daa1ea7443bd323b5adf4203bba0a42S3VersionKeyFBEAC615": Object {
      "Description": "S3 key for asset version \\"59da3f0b76505aea832fe0b8595bcfc05daa1ea7443bd323b5adf4203bba0a42\\"",
      "Type": "String",
    },
    "AssetParameters68226c4d0111f4d4fd5e8095f5ae11aedb65ebe119c70ad370c1c5adc8cb91c8ArtifactHash6106538F": Object {
      "Description": "Artifact hash for asset \\"68226c4d0111f4d4fd5e8095f5ae11aedb65ebe119c70ad370c1c5adc8cb91c8\\"",
      "Type": "String",
    },
    "AssetParameters68226c4d0111f4d4fd5e8095f5ae11aedb65ebe119c70ad370c1c5adc8cb91c8S3Bucket08B5BAC2": Object {
      "Description": "S3 bucket for asset \\"68226c4d0111f4d4fd5e8095f5ae11aedb65ebe119c70ad370c1c5adc8cb91c8\\"",
      "Type": "String",
    },
    "AssetParameters68226c4d0111f4d4fd5e8095f5ae11aedb65ebe119c70ad370c1c5adc8cb91c8S3VersionKey6292436E": Object {
      "Description": "S3 key for asset version \\"68226c4d0111f4d4fd5e8095f5ae11aedb65ebe119c70ad370c1c5adc8cb91c8\\"",
      "Type": "String",
    },
    "AssetParameters81cc4884531c442c244a3a2d8fb29eb54e5639c5f3bf082efcede0d08e73554bArtifactHash629BFAF2": Object {
      "Description": "Artifact hash for asset \\"81cc4884531c442c244a3a2d8fb29eb54e5639c5f3bf082efcede0d08e73554b\\"",
      "Type": "String",
    },
    "AssetParameters81cc4884531c442c244a3a2d8fb29eb54e5639c5f3bf082efcede0d08e73554bS3Bucket04E02F74": Object {
      "Description": "S3 bucket for asset \\"81cc4884531c442c244a3a2d8fb29eb54e5639c5f3bf082efcede0d08e73554b\\"",
      "Type": "String",
    },
    "AssetParameters81cc4884531c442c244a3a2d8fb29eb54e5639c5f3bf082efcede0d08e73554bS3VersionKey80110991": Object {
      "Description": "S3 key for asset version \\"81cc4884531c442c244a3a2d8fb29eb54e5639c5f3bf082efcede0d08e73554b\\"",
      "Type": "String",
    },
    "AssetParametersa6f137d627ca2b8bd81c41be578b48e7a74104991bad561d41a86f6a3ce51010ArtifactHash8617FD62": Object {
      "Description": "Artifact hash for asset \\"a6f137d627ca2b8bd81c41be578b48e7a74104991bad561d41a86f6a3ce51010\\"",
      "Type": "String",
    },
    "AssetParametersa6f137d627ca2b8bd81c41be578b48e7a74104991bad561d41a86f6a3ce51010S3Bucket85FE7640": Object {
      "Description": "S3 bucket for asset \\"a6f137d627ca2b8bd81c41be578b48e7a74104991bad561d41a86f6a3ce51010\\"",
      "Type": "String",
    },
    "AssetParametersa6f137d627ca2b8bd81c41be578b48e7a74104991bad561d41a86f6a3ce51010S3VersionKey63BC0BE4": Object {
      "Description": "S3 key for asset version \\"a6f137d627ca2b8bd81c41be578b48e7a74104991bad561d41a86f6a3ce51010\\"",
      "Type": "String",
    },
    "AssetParametersc9128332f5f36a28aa3897ccd568a4444f9cad6b77d0b6993eac154a3c04a196ArtifactHash26390461": Object {
      "Description": "Artifact hash for asset \\"c9128332f5f36a28aa3897ccd568a4444f9cad6b77d0b6993eac154a3c04a196\\"",
      "Type": "String",
    },
    "AssetParametersc9128332f5f36a28aa3897ccd568a4444f9cad6b77d0b6993eac154a3c04a196S3Bucket8648DD20": Object {
      "Description": "S3 bucket for asset \\"c9128332f5f36a28aa3897ccd568a4444f9cad6b77d0b6993eac154a3c04a196\\"",
      "Type": "String",
    },
    "AssetParametersc9128332f5f36a28aa3897ccd568a4444f9cad6b77d0b6993eac154a3c04a196S3VersionKey21B4D113": Object {
      "Description": "S3 key for asset version \\"c9128332f5f36a28aa3897ccd568a4444f9cad6b77d0b6993eac154a3c04a196\\"",
      "Type": "String",
    },
    "AssetParametersd4174ad86870a76ff4ce3be67f7012316b2e35a18f5afebab1afd2d363fd7382ArtifactHash4253857F": Object {
      "Description": "Artifact hash for asset \\"d4174ad86870a76ff4ce3be67f7012316b2e35a18f5afebab1afd2d363fd7382\\"",
      "Type": "String",
    },
    "AssetParametersd4174ad86870a76ff4ce3be67f7012316b2e35a18f5afebab1afd2d363fd7382S3Bucket91E659CF": Object {
      "Description": "S3 bucket for asset \\"d4174ad86870a76ff4ce3be67f7012316b2e35a18f5afebab1afd2d363fd7382\\"",
      "Type": "String",
    },
    "AssetParametersd4174ad86870a76ff4ce3be67f7012316b2e35a18f5afebab1afd2d363fd7382S3VersionKey43A9C3B0": Object {
      "Description": "S3 key for asset version \\"d4174ad86870a76ff4ce3be67f7012316b2e35a18f5afebab1afd2d363fd7382\\"",
      "Type": "String",
    },
    "AssetParametersd8c1ff6d49db232881b8bb257f26306fc99da6407a233194a7031d4da39881e2ArtifactHash4FFFE370": Object {
      "Description": "Artifact hash for asset \\"d8c1ff6d49db232881b8bb257f26306fc99da6407a233194a7031d4da39881e2\\"",
      "Type": "String",
    },
    "AssetParametersd8c1ff6d49db232881b8bb257f26306fc99da6407a233194a7031d4da39881e2S3BucketC4BE853A": Object {
      "Description": "S3 bucket for asset \\"d8c1ff6d49db232881b8bb257f26306fc99da6407a233194a7031d4da39881e2\\"",
      "Type": "String",
    },
    "AssetParametersd8c1ff6d49db232881b8bb257f26306fc99da6407a233194a7031d4da39881e2S3VersionKeyBF11634C": Object {
      "Description": "S3 key for asset version \\"d8c1ff6d49db232881b8bb257f26306fc99da6407a233194a7031d4da39881e2\\"",
      "Type": "String",
    },
    "AssetParametersfdb723c07ea1eabe089f98923920f5b6600fe1884c59bd61d579bb02dce7cb1bArtifactHash654B8D41": Object {
      "Description": "Artifact hash for asset \\"fdb723c07ea1eabe089f98923920f5b6600fe1884c59bd61d579bb02dce7cb1b\\"",
      "Type": "String",
    },
    "AssetParametersfdb723c07ea1eabe089f98923920f5b6600fe1884c59bd61d579bb02dce7cb1bS3Bucket435F4D00": Object {
      "Description": "S3 bucket for asset \\"fdb723c07ea1eabe089f98923920f5b6600fe1884c59bd61d579bb02dce7cb1b\\"",
      "Type": "String",
    },
    "AssetParametersfdb723c07ea1eabe089f98923920f5b6600fe1884c59bd61d579bb02dce7cb1bS3VersionKey176061B4": Object {
      "Description": "S3 key for asset version \\"fdb723c07ea1eabe089f98923920f5b6600fe1884c59bd61d579bb02dce7cb1b\\"",
      "Type": "String",
    },
  },
  "Resources": Object {
    "ThingApiCreateThingFunctionE7C71A6E": Object {
      "DependsOn": Array [
        "ThingApiCreateThingFunctionServiceRoleF76C80DC",
      ],
      "Properties": Object {
        "Code": Object {
          "S3Bucket": Object {
            "Ref": "AssetParametersc9128332f5f36a28aa3897ccd568a4444f9cad6b77d0b6993eac154a3c04a196S3Bucket8648DD20",
          },
          "S3Key": Object {
            "Fn::Join": Array [
              "",
              Array [
                Object {
                  "Fn::Select": Array [
                    0,
                    Object {
                      "Fn::Split": Array [
                        "||",
                        Object {
                          "Ref": "AssetParametersc9128332f5f36a28aa3897ccd568a4444f9cad6b77d0b6993eac154a3c04a196S3VersionKey21B4D113",
                        },
                      ],
                    },
                  ],
                },
                Object {
                  "Fn::Select": Array [
                    1,
                    Object {
                      "Fn::Split": Array [
                        "||",
                        Object {
                          "Ref": "AssetParametersc9128332f5f36a28aa3897ccd568a4444f9cad6b77d0b6993eac154a3c04a196S3VersionKey21B4D113",
                        },
                      ],
                    },
                  ],
                },
              ],
            ],
          },
        },
        "Environment": Object {
          "Variables": Object {
            "AWS_NODEJS_CONNECTION_REUSE_ENABLED": "1",
          },
        },
        "Handler": "index.handler",
        "Role": Object {
          "Fn::GetAtt": Array [
            "ThingApiCreateThingFunctionServiceRoleF76C80DC",
            "Arn",
          ],
        },
        "Runtime": "nodejs14.x",
      },
      "Type": "AWS::Lambda::Function",
    },
    "ThingApiCreateThingFunctionServiceRoleF76C80DC": Object {
      "Properties": Object {
        "AssumeRolePolicyDocument": Object {
          "Statement": Array [
            Object {
              "Action": "sts:AssumeRole",
              "Effect": "Allow",
              "Principal": Object {
                "Service": "lambda.amazonaws.com",
              },
            },
          ],
          "Version": "2012-10-17",
        },
        "ManagedPolicyArns": Array [
          Object {
            "Fn::Join": Array [
              "",
              Array [
                "arn:",
                Object {
                  "Ref": "AWS::Partition",
                },
                ":iam::aws:policy/service-role/AWSLambdaBasicExecutionRole",
              ],
            ],
          },
        ],
      },
      "Type": "AWS::IAM::Role",
    },
    "ThingApiDeleteThingFunction0B6C1AEE": Object {
      "DependsOn": Array [
        "ThingApiDeleteThingFunctionServiceRoleECF4C781",
      ],
      "Properties": Object {
        "Code": Object {
          "S3Bucket": Object {
            "Ref": "AssetParametersfdb723c07ea1eabe089f98923920f5b6600fe1884c59bd61d579bb02dce7cb1bS3Bucket435F4D00",
          },
          "S3Key": Object {
            "Fn::Join": Array [
              "",
              Array [
                Object {
                  "Fn::Select": Array [
                    0,
                    Object {
                      "Fn::Split": Array [
                        "||",
                        Object {
                          "Ref": "AssetParametersfdb723c07ea1eabe089f98923920f5b6600fe1884c59bd61d579bb02dce7cb1bS3VersionKey176061B4",
                        },
                      ],
                    },
                  ],
                },
                Object {
                  "Fn::Select": Array [
                    1,
                    Object {
                      "Fn::Split": Array [
                        "||",
                        Object {
                          "Ref": "AssetParametersfdb723c07ea1eabe089f98923920f5b6600fe1884c59bd61d579bb02dce7cb1bS3VersionKey176061B4",
                        },
                      ],
                    },
                  ],
                },
              ],
            ],
          },
        },
        "Environment": Object {
          "Variables": Object {
            "AWS_NODEJS_CONNECTION_REUSE_ENABLED": "1",
          },
        },
        "Handler": "index.handler",
        "Role": Object {
          "Fn::GetAtt": Array [
            "ThingApiDeleteThingFunctionServiceRoleECF4C781",
            "Arn",
          ],
        },
        "Runtime": "nodejs14.x",
      },
      "Type": "AWS::Lambda::Function",
    },
    "ThingApiDeleteThingFunctionServiceRoleECF4C781": Object {
      "Properties": Object {
        "AssumeRolePolicyDocument": Object {
          "Statement": Array [
            Object {
              "Action": "sts:AssumeRole",
              "Effect": "Allow",
              "Principal": Object {
                "Service": "lambda.amazonaws.com",
              },
            },
          ],
          "Version": "2012-10-17",
        },
        "ManagedPolicyArns": Array [
          Object {
            "Fn::Join": Array [
              "",
              Array [
                "arn:",
                Object {
                  "Ref": "AWS::Partition",
                },
                ":iam::aws:policy/service-role/AWSLambdaBasicExecutionRole",
              ],
            ],
          },
        ],
      },
      "Type": "AWS::IAM::Role",
    },
    "ThingApiDeleteThingShadowFunction6D567170": Object {
      "DependsOn": Array [
        "ThingApiDeleteThingShadowFunctionServiceRole013D19BA",
      ],
      "Properties": Object {
        "Code": Object {
          "S3Bucket": Object {
            "Ref": "AssetParameters81cc4884531c442c244a3a2d8fb29eb54e5639c5f3bf082efcede0d08e73554bS3Bucket04E02F74",
          },
          "S3Key": Object {
            "Fn::Join": Array [
              "",
              Array [
                Object {
                  "Fn::Select": Array [
                    0,
                    Object {
                      "Fn::Split": Array [
                        "||",
                        Object {
                          "Ref": "AssetParameters81cc4884531c442c244a3a2d8fb29eb54e5639c5f3bf082efcede0d08e73554bS3VersionKey80110991",
                        },
                      ],
                    },
                  ],
                },
                Object {
                  "Fn::Select": Array [
                    1,
                    Object {
                      "Fn::Split": Array [
                        "||",
                        Object {
                          "Ref": "AssetParameters81cc4884531c442c244a3a2d8fb29eb54e5639c5f3bf082efcede0d08e73554bS3VersionKey80110991",
                        },
                      ],
                    },
                  ],
                },
              ],
            ],
          },
        },
        "Environment": Object {
          "Variables": Object {
            "AWS_NODEJS_CONNECTION_REUSE_ENABLED": "1",
          },
        },
        "Handler": "index.handler",
        "Role": Object {
          "Fn::GetAtt": Array [
            "ThingApiDeleteThingShadowFunctionServiceRole013D19BA",
            "Arn",
          ],
        },
        "Runtime": "nodejs14.x",
      },
      "Type": "AWS::Lambda::Function",
    },
    "ThingApiDeleteThingShadowFunctionServiceRole013D19BA": Object {
      "Properties": Object {
        "AssumeRolePolicyDocument": Object {
          "Statement": Array [
            Object {
              "Action": "sts:AssumeRole",
              "Effect": "Allow",
              "Principal": Object {
                "Service": "lambda.amazonaws.com",
              },
            },
          ],
          "Version": "2012-10-17",
        },
        "ManagedPolicyArns": Array [
          Object {
            "Fn::Join": Array [
              "",
              Array [
                "arn:",
                Object {
                  "Ref": "AWS::Partition",
                },
                ":iam::aws:policy/service-role/AWSLambdaBasicExecutionRole",
              ],
            ],
          },
        ],
      },
      "Type": "AWS::IAM::Role",
    },
    "ThingApiGetThingFunction01DEEBC1": Object {
      "DependsOn": Array [
        "ThingApiGetThingFunctionServiceRoleA6E745D2",
      ],
      "Properties": Object {
        "Code": Object {
          "S3Bucket": Object {
            "Ref": "AssetParameters15e3f6258e12c5a861784b2e9f3e2a619f4bc3ccc704859c47dbd4e463c4d94fS3Bucket7C5B6D10",
          },
          "S3Key": Object {
            "Fn::Join": Array [
              "",
              Array [
                Object {
                  "Fn::Select": Array [
                    0,
                    Object {
                      "Fn::Split": Array [
                        "||",
                        Object {
                          "Ref": "AssetParameters15e3f6258e12c5a861784b2e9f3e2a619f4bc3ccc704859c47dbd4e463c4d94fS3VersionKeyDCDE9957",
                        },
                      ],
                    },
                  ],
                },
                Object {
                  "Fn::Select": Array [
                    1,
                    Object {
                      "Fn::Split": Array [
                        "||",
                        Object {
                          "Ref": "AssetParameters15e3f6258e12c5a861784b2e9f3e2a619f4bc3ccc704859c47dbd4e463c4d94fS3VersionKeyDCDE9957",
                        },
                      ],
                    },
                  ],
                },
              ],
            ],
          },
        },
        "Environment": Object {
          "Variables": Object {
            "AWS_NODEJS_CONNECTION_REUSE_ENABLED": "1",
          },
        },
        "Handler": "index.handler",
        "Role": Object {
          "Fn::GetAtt": Array [
            "ThingApiGetThingFunctionServiceRoleA6E745D2",
            "Arn",
          ],
        },
        "Runtime": "nodejs14.x",
      },
      "Type": "AWS::Lambda::Function",
    },
    "ThingApiGetThingFunctionServiceRoleA6E745D2": Object {
      "Properties": Object {
        "AssumeRolePolicyDocument": Object {
          "Statement": Array [
            Object {
              "Action": "sts:AssumeRole",
              "Effect": "Allow",
              "Principal": Object {
                "Service": "lambda.amazonaws.com",
              },
            },
          ],
          "Version": "2012-10-17",
        },
        "ManagedPolicyArns": Array [
          Object {
            "Fn::Join": Array [
              "",
              Array [
                "arn:",
                Object {
                  "Ref": "AWS::Partition",
                },
                ":iam::aws:policy/service-role/AWSLambdaBasicExecutionRole",
              ],
            ],
          },
        ],
      },
      "Type": "AWS::IAM::Role",
    },
    "ThingApiGetThingShadowFunction997DA57E": Object {
      "DependsOn": Array [
        "ThingApiGetThingShadowFunctionServiceRole0EDFAE2B",
      ],
      "Properties": Object {
        "Code": Object {
          "S3Bucket": Object {
            "Ref": "AssetParametersa6f137d627ca2b8bd81c41be578b48e7a74104991bad561d41a86f6a3ce51010S3Bucket85FE7640",
          },
          "S3Key": Object {
            "Fn::Join": Array [
              "",
              Array [
                Object {
                  "Fn::Select": Array [
                    0,
                    Object {
                      "Fn::Split": Array [
                        "||",
                        Object {
                          "Ref": "AssetParametersa6f137d627ca2b8bd81c41be578b48e7a74104991bad561d41a86f6a3ce51010S3VersionKey63BC0BE4",
                        },
                      ],
                    },
                  ],
                },
                Object {
                  "Fn::Select": Array [
                    1,
                    Object {
                      "Fn::Split": Array [
                        "||",
                        Object {
                          "Ref": "AssetParametersa6f137d627ca2b8bd81c41be578b48e7a74104991bad561d41a86f6a3ce51010S3VersionKey63BC0BE4",
                        },
                      ],
                    },
                  ],
                },
              ],
            ],
          },
        },
        "Environment": Object {
          "Variables": Object {
            "AWS_NODEJS_CONNECTION_REUSE_ENABLED": "1",
          },
        },
        "Handler": "index.handler",
        "Role": Object {
          "Fn::GetAtt": Array [
            "ThingApiGetThingShadowFunctionServiceRole0EDFAE2B",
            "Arn",
          ],
        },
        "Runtime": "nodejs14.x",
      },
      "Type": "AWS::Lambda::Function",
    },
    "ThingApiGetThingShadowFunctionServiceRole0EDFAE2B": Object {
      "Properties": Object {
        "AssumeRolePolicyDocument": Object {
          "Statement": Array [
            Object {
              "Action": "sts:AssumeRole",
              "Effect": "Allow",
              "Principal": Object {
                "Service": "lambda.amazonaws.com",
              },
            },
          ],
          "Version": "2012-10-17",
        },
        "ManagedPolicyArns": Array [
          Object {
            "Fn::Join": Array [
              "",
              Array [
                "arn:",
                Object {
                  "Ref": "AWS::Partition",
                },
                ":iam::aws:policy/service-role/AWSLambdaBasicExecutionRole",
              ],
            ],
          },
        ],
      },
      "Type": "AWS::IAM::Role",
    },
    "ThingApiListThingShadowsFunctionD97848ED": Object {
      "DependsOn": Array [
        "ThingApiListThingShadowsFunctionServiceRoleAC9C364C",
      ],
      "Properties": Object {
        "Code": Object {
          "S3Bucket": Object {
            "Ref": "AssetParametersd4174ad86870a76ff4ce3be67f7012316b2e35a18f5afebab1afd2d363fd7382S3Bucket91E659CF",
          },
          "S3Key": Object {
            "Fn::Join": Array [
              "",
              Array [
                Object {
                  "Fn::Select": Array [
                    0,
                    Object {
                      "Fn::Split": Array [
                        "||",
                        Object {
                          "Ref": "AssetParametersd4174ad86870a76ff4ce3be67f7012316b2e35a18f5afebab1afd2d363fd7382S3VersionKey43A9C3B0",
                        },
                      ],
                    },
                  ],
                },
                Object {
                  "Fn::Select": Array [
                    1,
                    Object {
                      "Fn::Split": Array [
                        "||",
                        Object {
                          "Ref": "AssetParametersd4174ad86870a76ff4ce3be67f7012316b2e35a18f5afebab1afd2d363fd7382S3VersionKey43A9C3B0",
                        },
                      ],
                    },
                  ],
                },
              ],
            ],
          },
        },
        "Environment": Object {
          "Variables": Object {
            "AWS_NODEJS_CONNECTION_REUSE_ENABLED": "1",
          },
        },
        "Handler": "index.handler",
        "Role": Object {
          "Fn::GetAtt": Array [
            "ThingApiListThingShadowsFunctionServiceRoleAC9C364C",
            "Arn",
          ],
        },
        "Runtime": "nodejs14.x",
      },
      "Type": "AWS::Lambda::Function",
    },
    "ThingApiListThingShadowsFunctionServiceRoleAC9C364C": Object {
      "Properties": Object {
        "AssumeRolePolicyDocument": Object {
          "Statement": Array [
            Object {
              "Action": "sts:AssumeRole",
              "Effect": "Allow",
              "Principal": Object {
                "Service": "lambda.amazonaws.com",
              },
            },
          ],
          "Version": "2012-10-17",
        },
        "ManagedPolicyArns": Array [
          Object {
            "Fn::Join": Array [
              "",
              Array [
                "arn:",
                Object {
                  "Ref": "AWS::Partition",
                },
                ":iam::aws:policy/service-role/AWSLambdaBasicExecutionRole",
              ],
            ],
          },
        ],
      },
      "Type": "AWS::IAM::Role",
    },
    "ThingApiListThingsFunctionE46CCF50": Object {
      "DependsOn": Array [
        "ThingApiListThingsFunctionServiceRoleF1D8A60D",
      ],
      "Properties": Object {
        "Code": Object {
          "S3Bucket": Object {
            "Ref": "AssetParameters59da3f0b76505aea832fe0b8595bcfc05daa1ea7443bd323b5adf4203bba0a42S3Bucket62035302",
          },
          "S3Key": Object {
            "Fn::Join": Array [
              "",
              Array [
                Object {
                  "Fn::Select": Array [
                    0,
                    Object {
                      "Fn::Split": Array [
                        "||",
                        Object {
                          "Ref": "AssetParameters59da3f0b76505aea832fe0b8595bcfc05daa1ea7443bd323b5adf4203bba0a42S3VersionKeyFBEAC615",
                        },
                      ],
                    },
                  ],
                },
                Object {
                  "Fn::Select": Array [
                    1,
                    Object {
                      "Fn::Split": Array [
                        "||",
                        Object {
                          "Ref": "AssetParameters59da3f0b76505aea832fe0b8595bcfc05daa1ea7443bd323b5adf4203bba0a42S3VersionKeyFBEAC615",
                        },
                      ],
                    },
                  ],
                },
              ],
            ],
          },
        },
        "Environment": Object {
          "Variables": Object {
            "AWS_NODEJS_CONNECTION_REUSE_ENABLED": "1",
          },
        },
        "Handler": "index.handler",
        "Role": Object {
          "Fn::GetAtt": Array [
            "ThingApiListThingsFunctionServiceRoleF1D8A60D",
            "Arn",
          ],
        },
        "Runtime": "nodejs14.x",
      },
      "Type": "AWS::Lambda::Function",
    },
    "ThingApiListThingsFunctionServiceRoleF1D8A60D": Object {
      "Properties": Object {
        "AssumeRolePolicyDocument": Object {
          "Statement": Array [
            Object {
              "Action": "sts:AssumeRole",
              "Effect": "Allow",
              "Principal": Object {
                "Service": "lambda.amazonaws.com",
              },
            },
          ],
          "Version": "2012-10-17",
        },
        "ManagedPolicyArns": Array [
          Object {
            "Fn::Join": Array [
              "",
              Array [
                "arn:",
                Object {
                  "Ref": "AWS::Partition",
                },
                ":iam::aws:policy/service-role/AWSLambdaBasicExecutionRole",
              ],
            ],
          },
        ],
      },
      "Type": "AWS::IAM::Role",
    },
    "ThingApiThingRestApi8AD2DCAF": Object {
      "Properties": Object {
        "Name": "ThingRestApi",
      },
      "Type": "AWS::ApiGateway::RestApi",
    },
    "ThingApiThingRestApiAccount7363B3E4": Object {
      "DependsOn": Array [
        "ThingApiThingRestApi8AD2DCAF",
      ],
      "Properties": Object {
        "CloudWatchRoleArn": Object {
          "Fn::GetAtt": Array [
            "ThingApiThingRestApiCloudWatchRole19B172F1",
            "Arn",
          ],
        },
      },
      "Type": "AWS::ApiGateway::Account",
    },
    "ThingApiThingRestApiCloudWatchRole19B172F1": Object {
      "Properties": Object {
        "AssumeRolePolicyDocument": Object {
          "Statement": Array [
            Object {
              "Action": "sts:AssumeRole",
              "Effect": "Allow",
              "Principal": Object {
                "Service": "apigateway.amazonaws.com",
              },
            },
          ],
          "Version": "2012-10-17",
        },
        "ManagedPolicyArns": Array [
          Object {
            "Fn::Join": Array [
              "",
              Array [
                "arn:",
                Object {
                  "Ref": "AWS::Partition",
                },
                ":iam::aws:policy/service-role/AmazonAPIGatewayPushToCloudWatchLogs",
              ],
            ],
          },
        ],
      },
      "Type": "AWS::IAM::Role",
    },
    "ThingApiThingRestApiDeployment4169928F89de9456258707d8d0921d4e7effe743": Object {
      "DependsOn": Array [
        "ThingApiThingRestApiOPTIONSC8F1BDFB",
        "ThingApiThingRestApithingsthingNameDELETE12EB1F23",
        "ThingApiThingRestApithingsthingNameGET2501A147",
        "ThingApiThingRestApithingsthingNameOPTIONSEE104B92",
        "ThingApiThingRestApithingsthingNamePUT7982A87C",
        "ThingApiThingRestApithingsthingNameEAB448EB",
        "ThingApiThingRestApithingsthingNameshadowsshadowNameDELETE0D04BD70",
        "ThingApiThingRestApithingsthingNameshadowsshadowNameGET71BE982B",
        "ThingApiThingRestApithingsthingNameshadowsshadowNameOPTIONS226B5C93",
        "ThingApiThingRestApithingsthingNameshadowsshadowNamePUT373EF5D9",
        "ThingApiThingRestApithingsthingNameshadowsshadowName85DF413B",
        "ThingApiThingRestApithingsthingNameshadowsGET685CA59B",
        "ThingApiThingRestApithingsthingNameshadowsOPTIONS877FA57F",
        "ThingApiThingRestApithingsthingNameshadows60732688",
        "ThingApiThingRestApithingsGET7EA35A48",
        "ThingApiThingRestApithingsOPTIONSD3385475",
        "ThingApiThingRestApithingsPOSTC12C7790",
        "ThingApiThingRestApithingsA1F2876B",
      ],
      "Properties": Object {
        "Description": "Automatically created by the RestApi construct",
        "RestApiId": Object {
          "Ref": "ThingApiThingRestApi8AD2DCAF",
        },
      },
      "Type": "AWS::ApiGateway::Deployment",
    },
    "ThingApiThingRestApiDeploymentStageprodFDA980A2": Object {
      "Properties": Object {
        "DeploymentId": Object {
          "Ref": "ThingApiThingRestApiDeployment4169928F89de9456258707d8d0921d4e7effe743",
        },
        "RestApiId": Object {
          "Ref": "ThingApiThingRestApi8AD2DCAF",
        },
        "StageName": "prod",
      },
      "Type": "AWS::ApiGateway::Stage",
    },
    "ThingApiThingRestApiOPTIONSC8F1BDFB": Object {
      "Properties": Object {
        "AuthorizationType": "NONE",
        "HttpMethod": "OPTIONS",
        "Integration": Object {
          "IntegrationResponses": Array [
            Object {
              "ResponseParameters": Object {
                "method.response.header.Access-Control-Allow-Headers": "'Origin,Content-Type,Fetch-Mode,Accept,X-Amz-Date,Accept-Encoding,Authorization,SyncCenter,X-Api-Key,X-Amz-Security-Token,X-Amz-User-Agent'",
                "method.response.header.Access-Control-Allow-Methods": "'OPTIONS,GET,PUT,POST,DELETE,PATCH,HEAD'",
                "method.response.header.Access-Control-Allow-Origin": "'*'",
              },
              "StatusCode": "204",
            },
          ],
          "RequestTemplates": Object {
            "application/json": "{ statusCode: 200 }",
          },
          "Type": "MOCK",
        },
        "MethodResponses": Array [
          Object {
            "ResponseParameters": Object {
              "method.response.header.Access-Control-Allow-Headers": true,
              "method.response.header.Access-Control-Allow-Methods": true,
              "method.response.header.Access-Control-Allow-Origin": true,
            },
            "StatusCode": "204",
          },
        ],
        "ResourceId": Object {
          "Fn::GetAtt": Array [
            "ThingApiThingRestApi8AD2DCAF",
            "RootResourceId",
          ],
        },
        "RestApiId": Object {
          "Ref": "ThingApiThingRestApi8AD2DCAF",
        },
      },
      "Type": "AWS::ApiGateway::Method",
    },
    "ThingApiThingRestApithingsA1F2876B": Object {
      "Properties": Object {
        "ParentId": Object {
          "Fn::GetAtt": Array [
            "ThingApiThingRestApi8AD2DCAF",
            "RootResourceId",
          ],
        },
        "PathPart": "things",
        "RestApiId": Object {
          "Ref": "ThingApiThingRestApi8AD2DCAF",
        },
      },
      "Type": "AWS::ApiGateway::Resource",
    },
    "ThingApiThingRestApithingsGET7EA35A48": Object {
      "Properties": Object {
        "AuthorizationType": "NONE",
        "HttpMethod": "GET",
        "Integration": Object {
          "IntegrationHttpMethod": "POST",
          "Type": "AWS_PROXY",
          "Uri": Object {
            "Fn::Join": Array [
              "",
              Array [
                "arn:",
                Object {
                  "Ref": "AWS::Partition",
                },
                ":apigateway:",
                Object {
                  "Ref": "AWS::Region",
                },
                ":lambda:path/2015-03-31/functions/",
                Object {
                  "Fn::GetAtt": Array [
                    "ThingApiListThingsFunctionE46CCF50",
                    "Arn",
                  ],
                },
                "/invocations",
              ],
            ],
          },
        },
        "ResourceId": Object {
          "Ref": "ThingApiThingRestApithingsA1F2876B",
        },
        "RestApiId": Object {
          "Ref": "ThingApiThingRestApi8AD2DCAF",
        },
      },
      "Type": "AWS::ApiGateway::Method",
    },
    "ThingApiThingRestApithingsGETApiPermissionTestdemostackThingApiThingRestApi104F4060GETthings3038B23C": Object {
      "Properties": Object {
        "Action": "lambda:InvokeFunction",
        "FunctionName": Object {
          "Fn::GetAtt": Array [
            "ThingApiListThingsFunctionE46CCF50",
            "Arn",
          ],
        },
        "Principal": "apigateway.amazonaws.com",
        "SourceArn": Object {
          "Fn::Join": Array [
            "",
            Array [
              "arn:",
              Object {
                "Ref": "AWS::Partition",
              },
              ":execute-api:",
              Object {
                "Ref": "AWS::Region",
              },
              ":",
              Object {
                "Ref": "AWS::AccountId",
              },
              ":",
              Object {
                "Ref": "ThingApiThingRestApi8AD2DCAF",
              },
              "/test-invoke-stage/GET/things",
            ],
          ],
        },
      },
      "Type": "AWS::Lambda::Permission",
    },
    "ThingApiThingRestApithingsGETApiPermissiondemostackThingApiThingRestApi104F4060GETthingsB8032D18": Object {
      "Properties": Object {
        "Action": "lambda:InvokeFunction",
        "FunctionName": Object {
          "Fn::GetAtt": Array [
            "ThingApiListThingsFunctionE46CCF50",
            "Arn",
          ],
        },
        "Principal": "apigateway.amazonaws.com",
        "SourceArn": Object {
          "Fn::Join": Array [
            "",
            Array [
              "arn:",
              Object {
                "Ref": "AWS::Partition",
              },
              ":execute-api:",
              Object {
                "Ref": "AWS::Region",
              },
              ":",
              Object {
                "Ref": "AWS::AccountId",
              },
              ":",
              Object {
                "Ref": "ThingApiThingRestApi8AD2DCAF",
              },
              "/",
              Object {
                "Ref": "ThingApiThingRestApiDeploymentStageprodFDA980A2",
              },
              "/GET/things",
            ],
          ],
        },
      },
      "Type": "AWS::Lambda::Permission",
    },
    "ThingApiThingRestApithingsOPTIONSD3385475": Object {
      "Properties": Object {
        "AuthorizationType": "NONE",
        "HttpMethod": "OPTIONS",
        "Integration": Object {
          "IntegrationResponses": Array [
            Object {
              "ResponseParameters": Object {
                "method.response.header.Access-Control-Allow-Headers": "'Origin,Content-Type,Fetch-Mode,Accept,X-Amz-Date,Accept-Encoding,Authorization,SyncCenter,X-Api-Key,X-Amz-Security-Token,X-Amz-User-Agent'",
                "method.response.header.Access-Control-Allow-Methods": "'OPTIONS,GET,PUT,POST,DELETE,PATCH,HEAD'",
                "method.response.header.Access-Control-Allow-Origin": "'*'",
              },
              "StatusCode": "204",
            },
          ],
          "RequestTemplates": Object {
            "application/json": "{ statusCode: 200 }",
          },
          "Type": "MOCK",
        },
        "MethodResponses": Array [
          Object {
            "ResponseParameters": Object {
              "method.response.header.Access-Control-Allow-Headers": true,
              "method.response.header.Access-Control-Allow-Methods": true,
              "method.response.header.Access-Control-Allow-Origin": true,
            },
            "StatusCode": "204",
          },
        ],
        "ResourceId": Object {
          "Ref": "ThingApiThingRestApithingsA1F2876B",
        },
        "RestApiId": Object {
          "Ref": "ThingApiThingRestApi8AD2DCAF",
        },
      },
      "Type": "AWS::ApiGateway::Method",
    },
    "ThingApiThingRestApithingsPOSTApiPermissionTestdemostackThingApiThingRestApi104F4060POSTthings896D1EAA": Object {
      "Properties": Object {
        "Action": "lambda:InvokeFunction",
        "FunctionName": Object {
          "Fn::GetAtt": Array [
            "ThingApiCreateThingFunctionE7C71A6E",
            "Arn",
          ],
        },
        "Principal": "apigateway.amazonaws.com",
        "SourceArn": Object {
          "Fn::Join": Array [
            "",
            Array [
              "arn:",
              Object {
                "Ref": "AWS::Partition",
              },
              ":execute-api:",
              Object {
                "Ref": "AWS::Region",
              },
              ":",
              Object {
                "Ref": "AWS::AccountId",
              },
              ":",
              Object {
                "Ref": "ThingApiThingRestApi8AD2DCAF",
              },
              "/test-invoke-stage/POST/things",
            ],
          ],
        },
      },
      "Type": "AWS::Lambda::Permission",
    },
    "ThingApiThingRestApithingsPOSTApiPermissiondemostackThingApiThingRestApi104F4060POSTthings6AC13972": Object {
      "Properties": Object {
        "Action": "lambda:InvokeFunction",
        "FunctionName": Object {
          "Fn::GetAtt": Array [
            "ThingApiCreateThingFunctionE7C71A6E",
            "Arn",
          ],
        },
        "Principal": "apigateway.amazonaws.com",
        "SourceArn": Object {
          "Fn::Join": Array [
            "",
            Array [
              "arn:",
              Object {
                "Ref": "AWS::Partition",
              },
              ":execute-api:",
              Object {
                "Ref": "AWS::Region",
              },
              ":",
              Object {
                "Ref": "AWS::AccountId",
              },
              ":",
              Object {
                "Ref": "ThingApiThingRestApi8AD2DCAF",
              },
              "/",
              Object {
                "Ref": "ThingApiThingRestApiDeploymentStageprodFDA980A2",
              },
              "/POST/things",
            ],
          ],
        },
      },
      "Type": "AWS::Lambda::Permission",
    },
    "ThingApiThingRestApithingsPOSTC12C7790": Object {
      "Properties": Object {
        "AuthorizationType": "NONE",
        "HttpMethod": "POST",
        "Integration": Object {
          "IntegrationHttpMethod": "POST",
          "Type": "AWS_PROXY",
          "Uri": Object {
            "Fn::Join": Array [
              "",
              Array [
                "arn:",
                Object {
                  "Ref": "AWS::Partition",
                },
                ":apigateway:",
                Object {
                  "Ref": "AWS::Region",
                },
                ":lambda:path/2015-03-31/functions/",
                Object {
                  "Fn::GetAtt": Array [
                    "ThingApiCreateThingFunctionE7C71A6E",
                    "Arn",
                  ],
                },
                "/invocations",
              ],
            ],
          },
        },
        "ResourceId": Object {
          "Ref": "ThingApiThingRestApithingsA1F2876B",
        },
        "RestApiId": Object {
          "Ref": "ThingApiThingRestApi8AD2DCAF",
        },
      },
      "Type": "AWS::ApiGateway::Method",
    },
    "ThingApiThingRestApithingsthingNameDELETE12EB1F23": Object {
      "Properties": Object {
        "AuthorizationType": "NONE",
        "HttpMethod": "DELETE",
        "Integration": Object {
          "IntegrationHttpMethod": "POST",
          "Type": "AWS_PROXY",
          "Uri": Object {
            "Fn::Join": Array [
              "",
              Array [
                "arn:",
                Object {
                  "Ref": "AWS::Partition",
                },
                ":apigateway:",
                Object {
                  "Ref": "AWS::Region",
                },
                ":lambda:path/2015-03-31/functions/",
                Object {
                  "Fn::GetAtt": Array [
                    "ThingApiDeleteThingFunction0B6C1AEE",
                    "Arn",
                  ],
                },
                "/invocations",
              ],
            ],
          },
        },
        "ResourceId": Object {
          "Ref": "ThingApiThingRestApithingsthingNameEAB448EB",
        },
        "RestApiId": Object {
          "Ref": "ThingApiThingRestApi8AD2DCAF",
        },
      },
      "Type": "AWS::ApiGateway::Method",
    },
    "ThingApiThingRestApithingsthingNameDELETEApiPermissionTestdemostackThingApiThingRestApi104F4060DELETEthingsthingName34512E71": Object {
      "Properties": Object {
        "Action": "lambda:InvokeFunction",
        "FunctionName": Object {
          "Fn::GetAtt": Array [
            "ThingApiDeleteThingFunction0B6C1AEE",
            "Arn",
          ],
        },
        "Principal": "apigateway.amazonaws.com",
        "SourceArn": Object {
          "Fn::Join": Array [
            "",
            Array [
              "arn:",
              Object {
                "Ref": "AWS::Partition",
              },
              ":execute-api:",
              Object {
                "Ref": "AWS::Region",
              },
              ":",
              Object {
                "Ref": "AWS::AccountId",
              },
              ":",
              Object {
                "Ref": "ThingApiThingRestApi8AD2DCAF",
              },
              "/test-invoke-stage/DELETE/things/*",
            ],
          ],
        },
      },
      "Type": "AWS::Lambda::Permission",
    },
    "ThingApiThingRestApithingsthingNameDELETEApiPermissiondemostackThingApiThingRestApi104F4060DELETEthingsthingName66382F24": Object {
      "Properties": Object {
        "Action": "lambda:InvokeFunction",
        "FunctionName": Object {
          "Fn::GetAtt": Array [
            "ThingApiDeleteThingFunction0B6C1AEE",
            "Arn",
          ],
        },
        "Principal": "apigateway.amazonaws.com",
        "SourceArn": Object {
          "Fn::Join": Array [
            "",
            Array [
              "arn:",
              Object {
                "Ref": "AWS::Partition",
              },
              ":execute-api:",
              Object {
                "Ref": "AWS::Region",
              },
              ":",
              Object {
                "Ref": "AWS::AccountId",
              },
              ":",
              Object {
                "Ref": "ThingApiThingRestApi8AD2DCAF",
              },
              "/",
              Object {
                "Ref": "ThingApiThingRestApiDeploymentStageprodFDA980A2",
              },
              "/DELETE/things/*",
            ],
          ],
        },
      },
      "Type": "AWS::Lambda::Permission",
    },
    "ThingApiThingRestApithingsthingNameEAB448EB": Object {
      "Properties": Object {
        "ParentId": Object {
          "Ref": "ThingApiThingRestApithingsA1F2876B",
        },
        "PathPart": "{thingName}",
        "RestApiId": Object {
          "Ref": "ThingApiThingRestApi8AD2DCAF",
        },
      },
      "Type": "AWS::ApiGateway::Resource",
    },
    "ThingApiThingRestApithingsthingNameGET2501A147": Object {
      "Properties": Object {
        "AuthorizationType": "NONE",
        "HttpMethod": "GET",
        "Integration": Object {
          "IntegrationHttpMethod": "POST",
          "Type": "AWS_PROXY",
          "Uri": Object {
            "Fn::Join": Array [
              "",
              Array [
                "arn:",
                Object {
                  "Ref": "AWS::Partition",
                },
                ":apigateway:",
                Object {
                  "Ref": "AWS::Region",
                },
                ":lambda:path/2015-03-31/functions/",
                Object {
                  "Fn::GetAtt": Array [
                    "ThingApiGetThingFunction01DEEBC1",
                    "Arn",
                  ],
                },
                "/invocations",
              ],
            ],
          },
        },
        "ResourceId": Object {
          "Ref": "ThingApiThingRestApithingsthingNameEAB448EB",
        },
        "RestApiId": Object {
          "Ref": "ThingApiThingRestApi8AD2DCAF",
        },
      },
      "Type": "AWS::ApiGateway::Method",
    },
    "ThingApiThingRestApithingsthingNameGETApiPermissionTestdemostackThingApiThingRestApi104F4060GETthingsthingName3244D930": Object {
      "Properties": Object {
        "Action": "lambda:InvokeFunction",
        "FunctionName": Object {
          "Fn::GetAtt": Array [
            "ThingApiGetThingFunction01DEEBC1",
            "Arn",
          ],
        },
        "Principal": "apigateway.amazonaws.com",
        "SourceArn": Object {
          "Fn::Join": Array [
            "",
            Array [
              "arn:",
              Object {
                "Ref": "AWS::Partition",
              },
              ":execute-api:",
              Object {
                "Ref": "AWS::Region",
              },
              ":",
              Object {
                "Ref": "AWS::AccountId",
              },
              ":",
              Object {
                "Ref": "ThingApiThingRestApi8AD2DCAF",
              },
              "/test-invoke-stage/GET/things/*",
            ],
          ],
        },
      },
      "Type": "AWS::Lambda::Permission",
    },
    "ThingApiThingRestApithingsthingNameGETApiPermissiondemostackThingApiThingRestApi104F4060GETthingsthingNameCA4E8142": Object {
      "Properties": Object {
        "Action": "lambda:InvokeFunction",
        "FunctionName": Object {
          "Fn::GetAtt": Array [
            "ThingApiGetThingFunction01DEEBC1",
            "Arn",
          ],
        },
        "Principal": "apigateway.amazonaws.com",
        "SourceArn": Object {
          "Fn::Join": Array [
            "",
            Array [
              "arn:",
              Object {
                "Ref": "AWS::Partition",
              },
              ":execute-api:",
              Object {
                "Ref": "AWS::Region",
              },
              ":",
              Object {
                "Ref": "AWS::AccountId",
              },
              ":",
              Object {
                "Ref": "ThingApiThingRestApi8AD2DCAF",
              },
              "/",
              Object {
                "Ref": "ThingApiThingRestApiDeploymentStageprodFDA980A2",
              },
              "/GET/things/*",
            ],
          ],
        },
      },
      "Type": "AWS::Lambda::Permission",
    },
    "ThingApiThingRestApithingsthingNameOPTIONSEE104B92": Object {
      "Properties": Object {
        "AuthorizationType": "NONE",
        "HttpMethod": "OPTIONS",
        "Integration": Object {
          "IntegrationResponses": Array [
            Object {
              "ResponseParameters": Object {
                "method.response.header.Access-Control-Allow-Headers": "'Origin,Content-Type,Fetch-Mode,Accept,X-Amz-Date,Accept-Encoding,Authorization,SyncCenter,X-Api-Key,X-Amz-Security-Token,X-Amz-User-Agent'",
                "method.response.header.Access-Control-Allow-Methods": "'OPTIONS,GET,PUT,POST,DELETE,PATCH,HEAD'",
                "method.response.header.Access-Control-Allow-Origin": "'*'",
              },
              "StatusCode": "204",
            },
          ],
          "RequestTemplates": Object {
            "application/json": "{ statusCode: 200 }",
          },
          "Type": "MOCK",
        },
        "MethodResponses": Array [
          Object {
            "ResponseParameters": Object {
              "method.response.header.Access-Control-Allow-Headers": true,
              "method.response.header.Access-Control-Allow-Methods": true,
              "method.response.header.Access-Control-Allow-Origin": true,
            },
            "StatusCode": "204",
          },
        ],
        "ResourceId": Object {
          "Ref": "ThingApiThingRestApithingsthingNameEAB448EB",
        },
        "RestApiId": Object {
          "Ref": "ThingApiThingRestApi8AD2DCAF",
        },
      },
      "Type": "AWS::ApiGateway::Method",
    },
    "ThingApiThingRestApithingsthingNamePUT7982A87C": Object {
      "Properties": Object {
        "AuthorizationType": "NONE",
        "HttpMethod": "PUT",
        "Integration": Object {
          "IntegrationHttpMethod": "POST",
          "Type": "AWS_PROXY",
          "Uri": Object {
            "Fn::Join": Array [
              "",
              Array [
                "arn:",
                Object {
                  "Ref": "AWS::Partition",
                },
                ":apigateway:",
                Object {
                  "Ref": "AWS::Region",
                },
                ":lambda:path/2015-03-31/functions/",
                Object {
                  "Fn::GetAtt": Array [
                    "ThingApiUpdateThingFunction97D69109",
                    "Arn",
                  ],
                },
                "/invocations",
              ],
            ],
          },
        },
        "ResourceId": Object {
          "Ref": "ThingApiThingRestApithingsthingNameEAB448EB",
        },
        "RestApiId": Object {
          "Ref": "ThingApiThingRestApi8AD2DCAF",
        },
      },
      "Type": "AWS::ApiGateway::Method",
    },
    "ThingApiThingRestApithingsthingNamePUTApiPermissionTestdemostackThingApiThingRestApi104F4060PUTthingsthingName6F0ADE71": Object {
      "Properties": Object {
        "Action": "lambda:InvokeFunction",
        "FunctionName": Object {
          "Fn::GetAtt": Array [
            "ThingApiUpdateThingFunction97D69109",
            "Arn",
          ],
        },
        "Principal": "apigateway.amazonaws.com",
        "SourceArn": Object {
          "Fn::Join": Array [
            "",
            Array [
              "arn:",
              Object {
                "Ref": "AWS::Partition",
              },
              ":execute-api:",
              Object {
                "Ref": "AWS::Region",
              },
              ":",
              Object {
                "Ref": "AWS::AccountId",
              },
              ":",
              Object {
                "Ref": "ThingApiThingRestApi8AD2DCAF",
              },
              "/test-invoke-stage/PUT/things/*",
            ],
          ],
        },
      },
      "Type": "AWS::Lambda::Permission",
    },
    "ThingApiThingRestApithingsthingNamePUTApiPermissiondemostackThingApiThingRestApi104F4060PUTthingsthingNameF354504A": Object {
      "Properties": Object {
        "Action": "lambda:InvokeFunction",
        "FunctionName": Object {
          "Fn::GetAtt": Array [
            "ThingApiUpdateThingFunction97D69109",
            "Arn",
          ],
        },
        "Principal": "apigateway.amazonaws.com",
        "SourceArn": Object {
          "Fn::Join": Array [
            "",
            Array [
              "arn:",
              Object {
                "Ref": "AWS::Partition",
              },
              ":execute-api:",
              Object {
                "Ref": "AWS::Region",
              },
              ":",
              Object {
                "Ref": "AWS::AccountId",
              },
              ":",
              Object {
                "Ref": "ThingApiThingRestApi8AD2DCAF",
              },
              "/",
              Object {
                "Ref": "ThingApiThingRestApiDeploymentStageprodFDA980A2",
              },
              "/PUT/things/*",
            ],
          ],
        },
      },
      "Type": "AWS::Lambda::Permission",
    },
    "ThingApiThingRestApithingsthingNameshadows60732688": Object {
      "Properties": Object {
        "ParentId": Object {
          "Ref": "ThingApiThingRestApithingsthingNameEAB448EB",
        },
        "PathPart": "shadows",
        "RestApiId": Object {
          "Ref": "ThingApiThingRestApi8AD2DCAF",
        },
      },
      "Type": "AWS::ApiGateway::Resource",
    },
    "ThingApiThingRestApithingsthingNameshadowsGET685CA59B": Object {
      "Properties": Object {
        "AuthorizationType": "NONE",
        "HttpMethod": "GET",
        "Integration": Object {
          "IntegrationHttpMethod": "POST",
          "Type": "AWS_PROXY",
          "Uri": Object {
            "Fn::Join": Array [
              "",
              Array [
                "arn:",
                Object {
                  "Ref": "AWS::Partition",
                },
                ":apigateway:",
                Object {
                  "Ref": "AWS::Region",
                },
                ":lambda:path/2015-03-31/functions/",
                Object {
                  "Fn::GetAtt": Array [
                    "ThingApiListThingShadowsFunctionD97848ED",
                    "Arn",
                  ],
                },
                "/invocations",
              ],
            ],
          },
        },
        "ResourceId": Object {
          "Ref": "ThingApiThingRestApithingsthingNameshadows60732688",
        },
        "RestApiId": Object {
          "Ref": "ThingApiThingRestApi8AD2DCAF",
        },
      },
      "Type": "AWS::ApiGateway::Method",
    },
    "ThingApiThingRestApithingsthingNameshadowsGETApiPermissionTestdemostackThingApiThingRestApi104F4060GETthingsthingNameshadowsAF1399C5": Object {
      "Properties": Object {
        "Action": "lambda:InvokeFunction",
        "FunctionName": Object {
          "Fn::GetAtt": Array [
            "ThingApiListThingShadowsFunctionD97848ED",
            "Arn",
          ],
        },
        "Principal": "apigateway.amazonaws.com",
        "SourceArn": Object {
          "Fn::Join": Array [
            "",
            Array [
              "arn:",
              Object {
                "Ref": "AWS::Partition",
              },
              ":execute-api:",
              Object {
                "Ref": "AWS::Region",
              },
              ":",
              Object {
                "Ref": "AWS::AccountId",
              },
              ":",
              Object {
                "Ref": "ThingApiThingRestApi8AD2DCAF",
              },
              "/test-invoke-stage/GET/things/*/shadows",
            ],
          ],
        },
      },
      "Type": "AWS::Lambda::Permission",
    },
    "ThingApiThingRestApithingsthingNameshadowsGETApiPermissiondemostackThingApiThingRestApi104F4060GETthingsthingNameshadowsEC2A0AA3": Object {
      "Properties": Object {
        "Action": "lambda:InvokeFunction",
        "FunctionName": Object {
          "Fn::GetAtt": Array [
            "ThingApiListThingShadowsFunctionD97848ED",
            "Arn",
          ],
        },
        "Principal": "apigateway.amazonaws.com",
        "SourceArn": Object {
          "Fn::Join": Array [
            "",
            Array [
              "arn:",
              Object {
                "Ref": "AWS::Partition",
              },
              ":execute-api:",
              Object {
                "Ref": "AWS::Region",
              },
              ":",
              Object {
                "Ref": "AWS::AccountId",
              },
              ":",
              Object {
                "Ref": "ThingApiThingRestApi8AD2DCAF",
              },
              "/",
              Object {
                "Ref": "ThingApiThingRestApiDeploymentStageprodFDA980A2",
              },
              "/GET/things/*/shadows",
            ],
          ],
        },
      },
      "Type": "AWS::Lambda::Permission",
    },
    "ThingApiThingRestApithingsthingNameshadowsOPTIONS877FA57F": Object {
      "Properties": Object {
        "AuthorizationType": "NONE",
        "HttpMethod": "OPTIONS",
        "Integration": Object {
          "IntegrationResponses": Array [
            Object {
              "ResponseParameters": Object {
                "method.response.header.Access-Control-Allow-Headers": "'Origin,Content-Type,Fetch-Mode,Accept,X-Amz-Date,Accept-Encoding,Authorization,SyncCenter,X-Api-Key,X-Amz-Security-Token,X-Amz-User-Agent'",
                "method.response.header.Access-Control-Allow-Methods": "'OPTIONS,GET,PUT,POST,DELETE,PATCH,HEAD'",
                "method.response.header.Access-Control-Allow-Origin": "'*'",
              },
              "StatusCode": "204",
            },
          ],
          "RequestTemplates": Object {
            "application/json": "{ statusCode: 200 }",
          },
          "Type": "MOCK",
        },
        "MethodResponses": Array [
          Object {
            "ResponseParameters": Object {
              "method.response.header.Access-Control-Allow-Headers": true,
              "method.response.header.Access-Control-Allow-Methods": true,
              "method.response.header.Access-Control-Allow-Origin": true,
            },
            "StatusCode": "204",
          },
        ],
        "ResourceId": Object {
          "Ref": "ThingApiThingRestApithingsthingNameshadows60732688",
        },
        "RestApiId": Object {
          "Ref": "ThingApiThingRestApi8AD2DCAF",
        },
      },
      "Type": "AWS::ApiGateway::Method",
    },
    "ThingApiThingRestApithingsthingNameshadowsshadowName85DF413B": Object {
      "Properties": Object {
        "ParentId": Object {
          "Ref": "ThingApiThingRestApithingsthingNameshadows60732688",
        },
        "PathPart": "{shadowName}",
        "RestApiId": Object {
          "Ref": "ThingApiThingRestApi8AD2DCAF",
        },
      },
      "Type": "AWS::ApiGateway::Resource",
    },
    "ThingApiThingRestApithingsthingNameshadowsshadowNameDELETE0D04BD70": Object {
      "Properties": Object {
        "AuthorizationType": "NONE",
        "HttpMethod": "DELETE",
        "Integration": Object {
          "IntegrationHttpMethod": "POST",
          "Type": "AWS_PROXY",
          "Uri": Object {
            "Fn::Join": Array [
              "",
              Array [
                "arn:",
                Object {
                  "Ref": "AWS::Partition",
                },
                ":apigateway:",
                Object {
                  "Ref": "AWS::Region",
                },
                ":lambda:path/2015-03-31/functions/",
                Object {
                  "Fn::GetAtt": Array [
                    "ThingApiDeleteThingShadowFunction6D567170",
                    "Arn",
                  ],
                },
                "/invocations",
              ],
            ],
          },
        },
        "ResourceId": Object {
          "Ref": "ThingApiThingRestApithingsthingNameshadowsshadowName85DF413B",
        },
        "RestApiId": Object {
          "Ref": "ThingApiThingRestApi8AD2DCAF",
        },
      },
      "Type": "AWS::ApiGateway::Method",
    },
    "ThingApiThingRestApithingsthingNameshadowsshadowNameDELETEApiPermissionTestdemostackThingApiThingRestApi104F4060DELETEthingsthingNameshadowsshadowNameF4643486": Object {
      "Properties": Object {
        "Action": "lambda:InvokeFunction",
        "FunctionName": Object {
          "Fn::GetAtt": Array [
            "ThingApiDeleteThingShadowFunction6D567170",
            "Arn",
          ],
        },
        "Principal": "apigateway.amazonaws.com",
        "SourceArn": Object {
          "Fn::Join": Array [
            "",
            Array [
              "arn:",
              Object {
                "Ref": "AWS::Partition",
              },
              ":execute-api:",
              Object {
                "Ref": "AWS::Region",
              },
              ":",
              Object {
                "Ref": "AWS::AccountId",
              },
              ":",
              Object {
                "Ref": "ThingApiThingRestApi8AD2DCAF",
              },
              "/test-invoke-stage/DELETE/things/*/shadows/*",
            ],
          ],
        },
      },
      "Type": "AWS::Lambda::Permission",
    },
    "ThingApiThingRestApithingsthingNameshadowsshadowNameDELETEApiPermissiondemostackThingApiThingRestApi104F4060DELETEthingsthingNameshadowsshadowNameBF0F262A": Object {
      "Properties": Object {
        "Action": "lambda:InvokeFunction",
        "FunctionName": Object {
          "Fn::GetAtt": Array [
            "ThingApiDeleteThingShadowFunction6D567170",
            "Arn",
          ],
        },
        "Principal": "apigateway.amazonaws.com",
        "SourceArn": Object {
          "Fn::Join": Array [
            "",
            Array [
              "arn:",
              Object {
                "Ref": "AWS::Partition",
              },
              ":execute-api:",
              Object {
                "Ref": "AWS::Region",
              },
              ":",
              Object {
                "Ref": "AWS::AccountId",
              },
              ":",
              Object {
                "Ref": "ThingApiThingRestApi8AD2DCAF",
              },
              "/",
              Object {
                "Ref": "ThingApiThingRestApiDeploymentStageprodFDA980A2",
              },
              "/DELETE/things/*/shadows/*",
            ],
          ],
        },
      },
      "Type": "AWS::Lambda::Permission",
    },
    "ThingApiThingRestApithingsthingNameshadowsshadowNameGET71BE982B": Object {
      "Properties": Object {
        "AuthorizationType": "NONE",
        "HttpMethod": "GET",
        "Integration": Object {
          "IntegrationHttpMethod": "POST",
          "Type": "AWS_PROXY",
          "Uri": Object {
            "Fn::Join": Array [
              "",
              Array [
                "arn:",
                Object {
                  "Ref": "AWS::Partition",
                },
                ":apigateway:",
                Object {
                  "Ref": "AWS::Region",
                },
                ":lambda:path/2015-03-31/functions/",
                Object {
                  "Fn::GetAtt": Array [
                    "ThingApiGetThingShadowFunction997DA57E",
                    "Arn",
                  ],
                },
                "/invocations",
              ],
            ],
          },
        },
        "ResourceId": Object {
          "Ref": "ThingApiThingRestApithingsthingNameshadowsshadowName85DF413B",
        },
        "RestApiId": Object {
          "Ref": "ThingApiThingRestApi8AD2DCAF",
        },
      },
      "Type": "AWS::ApiGateway::Method",
    },
    "ThingApiThingRestApithingsthingNameshadowsshadowNameGETApiPermissionTestdemostackThingApiThingRestApi104F4060GETthingsthingNameshadowsshadowNameC046D97C": Object {
      "Properties": Object {
        "Action": "lambda:InvokeFunction",
        "FunctionName": Object {
          "Fn::GetAtt": Array [
            "ThingApiGetThingShadowFunction997DA57E",
            "Arn",
          ],
        },
        "Principal": "apigateway.amazonaws.com",
        "SourceArn": Object {
          "Fn::Join": Array [
            "",
            Array [
              "arn:",
              Object {
                "Ref": "AWS::Partition",
              },
              ":execute-api:",
              Object {
                "Ref": "AWS::Region",
              },
              ":",
              Object {
                "Ref": "AWS::AccountId",
              },
              ":",
              Object {
                "Ref": "ThingApiThingRestApi8AD2DCAF",
              },
              "/test-invoke-stage/GET/things/*/shadows/*",
            ],
          ],
        },
      },
      "Type": "AWS::Lambda::Permission",
    },
    "ThingApiThingRestApithingsthingNameshadowsshadowNameGETApiPermissiondemostackThingApiThingRestApi104F4060GETthingsthingNameshadowsshadowName577CE34A": Object {
      "Properties": Object {
        "Action": "lambda:InvokeFunction",
        "FunctionName": Object {
          "Fn::GetAtt": Array [
            "ThingApiGetThingShadowFunction997DA57E",
            "Arn",
          ],
        },
        "Principal": "apigateway.amazonaws.com",
        "SourceArn": Object {
          "Fn::Join": Array [
            "",
            Array [
              "arn:",
              Object {
                "Ref": "AWS::Partition",
              },
              ":execute-api:",
              Object {
                "Ref": "AWS::Region",
              },
              ":",
              Object {
                "Ref": "AWS::AccountId",
              },
              ":",
              Object {
                "Ref": "ThingApiThingRestApi8AD2DCAF",
              },
              "/",
              Object {
                "Ref": "ThingApiThingRestApiDeploymentStageprodFDA980A2",
              },
              "/GET/things/*/shadows/*",
            ],
          ],
        },
      },
      "Type": "AWS::Lambda::Permission",
    },
    "ThingApiThingRestApithingsthingNameshadowsshadowNameOPTIONS226B5C93": Object {
      "Properties": Object {
        "AuthorizationType": "NONE",
        "HttpMethod": "OPTIONS",
        "Integration": Object {
          "IntegrationResponses": Array [
            Object {
              "ResponseParameters": Object {
                "method.response.header.Access-Control-Allow-Headers": "'Origin,Content-Type,Fetch-Mode,Accept,X-Amz-Date,Accept-Encoding,Authorization,SyncCenter,X-Api-Key,X-Amz-Security-Token,X-Amz-User-Agent'",
                "method.response.header.Access-Control-Allow-Methods": "'OPTIONS,GET,PUT,POST,DELETE,PATCH,HEAD'",
                "method.response.header.Access-Control-Allow-Origin": "'*'",
              },
              "StatusCode": "204",
            },
          ],
          "RequestTemplates": Object {
            "application/json": "{ statusCode: 200 }",
          },
          "Type": "MOCK",
        },
        "MethodResponses": Array [
          Object {
            "ResponseParameters": Object {
              "method.response.header.Access-Control-Allow-Headers": true,
              "method.response.header.Access-Control-Allow-Methods": true,
              "method.response.header.Access-Control-Allow-Origin": true,
            },
            "StatusCode": "204",
          },
        ],
        "ResourceId": Object {
          "Ref": "ThingApiThingRestApithingsthingNameshadowsshadowName85DF413B",
        },
        "RestApiId": Object {
          "Ref": "ThingApiThingRestApi8AD2DCAF",
        },
      },
      "Type": "AWS::ApiGateway::Method",
    },
    "ThingApiThingRestApithingsthingNameshadowsshadowNamePUT373EF5D9": Object {
      "Properties": Object {
        "AuthorizationType": "NONE",
        "HttpMethod": "PUT",
        "Integration": Object {
          "IntegrationHttpMethod": "POST",
          "Type": "AWS_PROXY",
          "Uri": Object {
            "Fn::Join": Array [
              "",
              Array [
                "arn:",
                Object {
                  "Ref": "AWS::Partition",
                },
                ":apigateway:",
                Object {
                  "Ref": "AWS::Region",
                },
                ":lambda:path/2015-03-31/functions/",
                Object {
                  "Fn::GetAtt": Array [
                    "ThingApiUpdateThingShadowFunction666CF74D",
                    "Arn",
                  ],
                },
                "/invocations",
              ],
            ],
          },
        },
        "ResourceId": Object {
          "Ref": "ThingApiThingRestApithingsthingNameshadowsshadowName85DF413B",
        },
        "RestApiId": Object {
          "Ref": "ThingApiThingRestApi8AD2DCAF",
        },
      },
      "Type": "AWS::ApiGateway::Method",
    },
    "ThingApiThingRestApithingsthingNameshadowsshadowNamePUTApiPermissionTestdemostackThingApiThingRestApi104F4060PUTthingsthingNameshadowsshadowNameAECCF760": Object {
      "Properties": Object {
        "Action": "lambda:InvokeFunction",
        "FunctionName": Object {
          "Fn::GetAtt": Array [
            "ThingApiUpdateThingShadowFunction666CF74D",
            "Arn",
          ],
        },
        "Principal": "apigateway.amazonaws.com",
        "SourceArn": Object {
          "Fn::Join": Array [
            "",
            Array [
              "arn:",
              Object {
                "Ref": "AWS::Partition",
              },
              ":execute-api:",
              Object {
                "Ref": "AWS::Region",
              },
              ":",
              Object {
                "Ref": "AWS::AccountId",
              },
              ":",
              Object {
                "Ref": "ThingApiThingRestApi8AD2DCAF",
              },
              "/test-invoke-stage/PUT/things/*/shadows/*",
            ],
          ],
        },
      },
      "Type": "AWS::Lambda::Permission",
    },
    "ThingApiThingRestApithingsthingNameshadowsshadowNamePUTApiPermissiondemostackThingApiThingRestApi104F4060PUTthingsthingNameshadowsshadowName4818B071": Object {
      "Properties": Object {
        "Action": "lambda:InvokeFunction",
        "FunctionName": Object {
          "Fn::GetAtt": Array [
            "ThingApiUpdateThingShadowFunction666CF74D",
            "Arn",
          ],
        },
        "Principal": "apigateway.amazonaws.com",
        "SourceArn": Object {
          "Fn::Join": Array [
            "",
            Array [
              "arn:",
              Object {
                "Ref": "AWS::Partition",
              },
              ":execute-api:",
              Object {
                "Ref": "AWS::Region",
              },
              ":",
              Object {
                "Ref": "AWS::AccountId",
              },
              ":",
              Object {
                "Ref": "ThingApiThingRestApi8AD2DCAF",
              },
              "/",
              Object {
                "Ref": "ThingApiThingRestApiDeploymentStageprodFDA980A2",
              },
              "/PUT/things/*/shadows/*",
            ],
          ],
        },
      },
      "Type": "AWS::Lambda::Permission",
    },
    "ThingApiUpdateThingFunction97D69109": Object {
      "DependsOn": Array [
        "ThingApiUpdateThingFunctionServiceRole428DBB63",
      ],
      "Properties": Object {
        "Code": Object {
          "S3Bucket": Object {
            "Ref": "AssetParametersd8c1ff6d49db232881b8bb257f26306fc99da6407a233194a7031d4da39881e2S3BucketC4BE853A",
          },
          "S3Key": Object {
            "Fn::Join": Array [
              "",
              Array [
                Object {
                  "Fn::Select": Array [
                    0,
                    Object {
                      "Fn::Split": Array [
                        "||",
                        Object {
                          "Ref": "AssetParametersd8c1ff6d49db232881b8bb257f26306fc99da6407a233194a7031d4da39881e2S3VersionKeyBF11634C",
                        },
                      ],
                    },
                  ],
                },
                Object {
                  "Fn::Select": Array [
                    1,
                    Object {
                      "Fn::Split": Array [
                        "||",
                        Object {
                          "Ref": "AssetParametersd8c1ff6d49db232881b8bb257f26306fc99da6407a233194a7031d4da39881e2S3VersionKeyBF11634C",
                        },
                      ],
                    },
                  ],
                },
              ],
            ],
          },
        },
        "Environment": Object {
          "Variables": Object {
            "AWS_NODEJS_CONNECTION_REUSE_ENABLED": "1",
          },
        },
        "Handler": "index.handler",
        "Role": Object {
          "Fn::GetAtt": Array [
            "ThingApiUpdateThingFunctionServiceRole428DBB63",
            "Arn",
          ],
        },
        "Runtime": "nodejs14.x",
      },
      "Type": "AWS::Lambda::Function",
    },
    "ThingApiUpdateThingFunctionServiceRole428DBB63": Object {
      "Properties": Object {
        "AssumeRolePolicyDocument": Object {
          "Statement": Array [
            Object {
              "Action": "sts:AssumeRole",
              "Effect": "Allow",
              "Principal": Object {
                "Service": "lambda.amazonaws.com",
              },
            },
          ],
          "Version": "2012-10-17",
        },
        "ManagedPolicyArns": Array [
          Object {
            "Fn::Join": Array [
              "",
              Array [
                "arn:",
                Object {
                  "Ref": "AWS::Partition",
                },
                ":iam::aws:policy/service-role/AWSLambdaBasicExecutionRole",
              ],
            ],
          },
        ],
      },
      "Type": "AWS::IAM::Role",
    },
    "ThingApiUpdateThingShadowFunction666CF74D": Object {
      "DependsOn": Array [
        "ThingApiUpdateThingShadowFunctionServiceRoleC4BCE4CB",
      ],
      "Properties": Object {
        "Code": Object {
          "S3Bucket": Object {
            "Ref": "AssetParameters68226c4d0111f4d4fd5e8095f5ae11aedb65ebe119c70ad370c1c5adc8cb91c8S3Bucket08B5BAC2",
          },
          "S3Key": Object {
            "Fn::Join": Array [
              "",
              Array [
                Object {
                  "Fn::Select": Array [
                    0,
                    Object {
                      "Fn::Split": Array [
                        "||",
                        Object {
                          "Ref": "AssetParameters68226c4d0111f4d4fd5e8095f5ae11aedb65ebe119c70ad370c1c5adc8cb91c8S3VersionKey6292436E",
                        },
                      ],
                    },
                  ],
                },
                Object {
                  "Fn::Select": Array [
                    1,
                    Object {
                      "Fn::Split": Array [
                        "||",
                        Object {
                          "Ref": "AssetParameters68226c4d0111f4d4fd5e8095f5ae11aedb65ebe119c70ad370c1c5adc8cb91c8S3VersionKey6292436E",
                        },
                      ],
                    },
                  ],
                },
              ],
            ],
          },
        },
        "Environment": Object {
          "Variables": Object {
            "AWS_NODEJS_CONNECTION_REUSE_ENABLED": "1",
          },
        },
        "Handler": "index.handler",
        "Role": Object {
          "Fn::GetAtt": Array [
            "ThingApiUpdateThingShadowFunctionServiceRoleC4BCE4CB",
            "Arn",
          ],
        },
        "Runtime": "nodejs14.x",
      },
      "Type": "AWS::Lambda::Function",
    },
    "ThingApiUpdateThingShadowFunctionServiceRoleC4BCE4CB": Object {
      "Properties": Object {
        "AssumeRolePolicyDocument": Object {
          "Statement": Array [
            Object {
              "Action": "sts:AssumeRole",
              "Effect": "Allow",
              "Principal": Object {
                "Service": "lambda.amazonaws.com",
              },
            },
          ],
          "Version": "2012-10-17",
        },
        "ManagedPolicyArns": Array [
          Object {
            "Fn::Join": Array [
              "",
              Array [
                "arn:",
                Object {
                  "Ref": "AWS::Partition",
                },
                ":iam::aws:policy/service-role/AWSLambdaBasicExecutionRole",
              ],
            ],
          },
        ],
      },
      "Type": "AWS::IAM::Role",
    },
    "ThingApiiotcreatethingpolicyF8B0442E": Object {
      "Properties": Object {
        "PolicyDocument": Object {
          "Statement": Array [
            Object {
              "Action": "iot:CreateThing",
              "Effect": "Allow",
              "Resource": "*",
            },
          ],
          "Version": "2012-10-17",
        },
        "PolicyName": "ThingApiiotcreatethingpolicyF8B0442E",
        "Roles": Array [
          Object {
            "Ref": "ThingApiCreateThingFunctionServiceRoleF76C80DC",
          },
        ],
      },
      "Type": "AWS::IAM::Policy",
    },
    "ThingApiiotdeletethingpolicyC3B3425D": Object {
      "Properties": Object {
        "PolicyDocument": Object {
          "Statement": Array [
            Object {
              "Action": "iot:DeleteThing",
              "Effect": "Allow",
              "Resource": "*",
            },
          ],
          "Version": "2012-10-17",
        },
        "PolicyName": "ThingApiiotdeletethingpolicyC3B3425D",
        "Roles": Array [
          Object {
            "Ref": "ThingApiDeleteThingFunctionServiceRoleECF4C781",
          },
        ],
      },
      "Type": "AWS::IAM::Policy",
    },
    "ThingApiiotdeletethingshadowpolicy673122BE": Object {
      "Properties": Object {
        "PolicyDocument": Object {
          "Statement": Array [
            Object {
              "Action": "iot:DeleteThingShadow",
              "Effect": "Allow",
              "Resource": "*",
            },
          ],
          "Version": "2012-10-17",
        },
        "PolicyName": "ThingApiiotdeletethingshadowpolicy673122BE",
        "Roles": Array [
          Object {
            "Ref": "ThingApiDeleteThingShadowFunctionServiceRole013D19BA",
          },
        ],
      },
      "Type": "AWS::IAM::Policy",
    },
    "ThingApiiotdescribethingpolicy2029A49B": Object {
      "Properties": Object {
        "PolicyDocument": Object {
          "Statement": Array [
            Object {
              "Action": "iot:DescribeThing",
              "Effect": "Allow",
              "Resource": "*",
            },
          ],
          "Version": "2012-10-17",
        },
        "PolicyName": "ThingApiiotdescribethingpolicy2029A49B",
        "Roles": Array [
          Object {
            "Ref": "ThingApiGetThingFunctionServiceRoleA6E745D2",
          },
        ],
      },
      "Type": "AWS::IAM::Policy",
    },
    "ThingApiiotgetthingshadowpolicyB2EDC596": Object {
      "Properties": Object {
        "PolicyDocument": Object {
          "Statement": Array [
            Object {
              "Action": "iot:GetThingShadow",
              "Effect": "Allow",
              "Resource": "*",
            },
          ],
          "Version": "2012-10-17",
        },
        "PolicyName": "ThingApiiotgetthingshadowpolicyB2EDC596",
        "Roles": Array [
          Object {
            "Ref": "ThingApiGetThingShadowFunctionServiceRole0EDFAE2B",
          },
        ],
      },
      "Type": "AWS::IAM::Policy",
    },
    "ThingApiiotlistthingshadowspolicyA2220835": Object {
      "Properties": Object {
        "PolicyDocument": Object {
          "Statement": Array [
            Object {
              "Action": "iot:ListNamedShadowsForThing",
              "Effect": "Allow",
              "Resource": "*",
            },
          ],
          "Version": "2012-10-17",
        },
        "PolicyName": "ThingApiiotlistthingshadowspolicyA2220835",
        "Roles": Array [
          Object {
            "Ref": "ThingApiListThingShadowsFunctionServiceRoleAC9C364C",
          },
        ],
      },
      "Type": "AWS::IAM::Policy",
    },
    "ThingApiiotlistthingspolicyFE66B0B1": Object {
      "Properties": Object {
        "PolicyDocument": Object {
          "Statement": Array [
            Object {
              "Action": "iot:ListThings",
              "Effect": "Allow",
              "Resource": "*",
            },
          ],
          "Version": "2012-10-17",
        },
        "PolicyName": "ThingApiiotlistthingspolicyFE66B0B1",
        "Roles": Array [
          Object {
            "Ref": "ThingApiListThingsFunctionServiceRoleF1D8A60D",
          },
        ],
      },
      "Type": "AWS::IAM::Policy",
    },
    "ThingApiiotupdatethingpolicy465AE9D7": Object {
      "Properties": Object {
        "PolicyDocument": Object {
          "Statement": Array [
            Object {
              "Action": "iot:UpdateThing",
              "Effect": "Allow",
              "Resource": "*",
            },
          ],
          "Version": "2012-10-17",
        },
        "PolicyName": "ThingApiiotupdatethingpolicy465AE9D7",
        "Roles": Array [
          Object {
            "Ref": "ThingApiUpdateThingFunctionServiceRole428DBB63",
          },
        ],
      },
      "Type": "AWS::IAM::Policy",
    },
    "ThingApiiotupdatethingshadowpolicyE41AFFD3": Object {
      "Properties": Object {
        "PolicyDocument": Object {
          "Statement": Array [
            Object {
              "Action": "iot:UpdateThingShadow",
              "Effect": "Allow",
              "Resource": "*",
            },
          ],
          "Version": "2012-10-17",
        },
        "PolicyName": "ThingApiiotupdatethingshadowpolicyE41AFFD3",
        "Roles": Array [
          Object {
            "Ref": "ThingApiUpdateThingShadowFunctionServiceRoleC4BCE4CB",
          },
        ],
      },
      "Type": "AWS::IAM::Policy",
    },
  },
}
`;
