// Jest Snapshot v1, https://goo.gl/fbAQLP

exports[`minimal usage 1`] = `
Object {
  "Outputs": Object {
    "ThingGroupApiThingGroupRestApiEndpoint0B2B9489": Object {
      "Value": Object {
        "Fn::Join": Array [
          "",
          Array [
            "https://",
            Object {
              "Ref": "ThingGroupApiThingGroupRestApiCB757BF2",
            },
            ".execute-api.",
            Object {
              "Ref": "AWS::Region",
            },
            ".",
            Object {
              "Ref": "AWS::URLSuffix",
            },
            "/",
            Object {
              "Ref": "ThingGroupApiThingGroupRestApiDeploymentStageprod50BAFA84",
            },
            "/",
          ],
        ],
      },
    },
  },
  "Parameters": Object {
    "BootstrapVersion": Object {
      "Default": "/cdk-bootstrap/hnb659fds/version",
      "Description": "Version of the CDK Bootstrap resources in this environment, automatically retrieved from SSM Parameter Store. [cdk:skip]",
      "Type": "AWS::SSM::Parameter::Value<String>",
    },
  },
  "Resources": Object {
    "ThingGroupApiAddThingToThingGroupFunctionF4A159AF": Object {
      "DependsOn": Array [
        "ThingGroupApiAddThingToThingGroupFunctionServiceRoleEBD59FAC",
      ],
      "Properties": Object {
        "Code": Object {
          "S3Bucket": Object {
            "Fn::Sub": "cdk-hnb659fds-assets-\${AWS::AccountId}-\${AWS::Region}",
          },
          "S3Key": "eb4e270fd623a0eee86cdd59daffb3c3532f04bb696831feaae9730163e62859.zip",
        },
        "Environment": Object {
          "Variables": Object {
            "AWS_NODEJS_CONNECTION_REUSE_ENABLED": "1",
          },
        },
        "Handler": "index.handler",
        "Role": Object {
          "Fn::GetAtt": Array [
            "ThingGroupApiAddThingToThingGroupFunctionServiceRoleEBD59FAC",
            "Arn",
          ],
        },
        "Runtime": "nodejs14.x",
      },
      "Type": "AWS::Lambda::Function",
    },
    "ThingGroupApiAddThingToThingGroupFunctionServiceRoleEBD59FAC": Object {
      "Properties": Object {
        "AssumeRolePolicyDocument": Object {
          "Statement": Array [
            Object {
              "Action": "sts:AssumeRole",
              "Effect": "Allow",
              "Principal": Object {
                "Service": "lambda.amazonaws.com",
              },
            },
          ],
          "Version": "2012-10-17",
        },
        "ManagedPolicyArns": Array [
          Object {
            "Fn::Join": Array [
              "",
              Array [
                "arn:",
                Object {
                  "Ref": "AWS::Partition",
                },
                ":iam::aws:policy/service-role/AWSLambdaBasicExecutionRole",
              ],
            ],
          },
        ],
      },
      "Type": "AWS::IAM::Role",
    },
    "ThingGroupApiCreateDynamicThingGroupFunctionC67540C8": Object {
      "DependsOn": Array [
        "ThingGroupApiCreateDynamicThingGroupFunctionServiceRoleB8CB9456",
      ],
      "Properties": Object {
        "Code": Object {
          "S3Bucket": Object {
            "Fn::Sub": "cdk-hnb659fds-assets-\${AWS::AccountId}-\${AWS::Region}",
          },
          "S3Key": "70b762b4d330ce80fb461368ee66636ac02456048d7b4ece0b0a83d7088edbbb.zip",
        },
        "Environment": Object {
          "Variables": Object {
            "AWS_NODEJS_CONNECTION_REUSE_ENABLED": "1",
          },
        },
        "Handler": "index.handler",
        "Role": Object {
          "Fn::GetAtt": Array [
            "ThingGroupApiCreateDynamicThingGroupFunctionServiceRoleB8CB9456",
            "Arn",
          ],
        },
        "Runtime": "nodejs14.x",
      },
      "Type": "AWS::Lambda::Function",
    },
    "ThingGroupApiCreateDynamicThingGroupFunctionServiceRoleB8CB9456": Object {
      "Properties": Object {
        "AssumeRolePolicyDocument": Object {
          "Statement": Array [
            Object {
              "Action": "sts:AssumeRole",
              "Effect": "Allow",
              "Principal": Object {
                "Service": "lambda.amazonaws.com",
              },
            },
          ],
          "Version": "2012-10-17",
        },
        "ManagedPolicyArns": Array [
          Object {
            "Fn::Join": Array [
              "",
              Array [
                "arn:",
                Object {
                  "Ref": "AWS::Partition",
                },
                ":iam::aws:policy/service-role/AWSLambdaBasicExecutionRole",
              ],
            ],
          },
        ],
      },
      "Type": "AWS::IAM::Role",
    },
    "ThingGroupApiCreateThingGroupFunction7445B8C6": Object {
      "DependsOn": Array [
        "ThingGroupApiCreateThingGroupFunctionServiceRoleFF9C912C",
      ],
      "Properties": Object {
        "Code": Object {
          "S3Bucket": Object {
            "Fn::Sub": "cdk-hnb659fds-assets-\${AWS::AccountId}-\${AWS::Region}",
          },
          "S3Key": "d2348efd9b8d2ef508c6deac4692f78e6ff66d345b2a633ab4084db48642f737.zip",
        },
        "Environment": Object {
          "Variables": Object {
            "AWS_NODEJS_CONNECTION_REUSE_ENABLED": "1",
          },
        },
        "Handler": "index.handler",
        "Role": Object {
          "Fn::GetAtt": Array [
            "ThingGroupApiCreateThingGroupFunctionServiceRoleFF9C912C",
            "Arn",
          ],
        },
        "Runtime": "nodejs14.x",
      },
      "Type": "AWS::Lambda::Function",
    },
    "ThingGroupApiCreateThingGroupFunctionServiceRoleFF9C912C": Object {
      "Properties": Object {
        "AssumeRolePolicyDocument": Object {
          "Statement": Array [
            Object {
              "Action": "sts:AssumeRole",
              "Effect": "Allow",
              "Principal": Object {
                "Service": "lambda.amazonaws.com",
              },
            },
          ],
          "Version": "2012-10-17",
        },
        "ManagedPolicyArns": Array [
          Object {
            "Fn::Join": Array [
              "",
              Array [
                "arn:",
                Object {
                  "Ref": "AWS::Partition",
                },
                ":iam::aws:policy/service-role/AWSLambdaBasicExecutionRole",
              ],
            ],
          },
        ],
      },
      "Type": "AWS::IAM::Role",
    },
    "ThingGroupApiDeleteDynamicThingGroupFunction8D13A81F": Object {
      "DependsOn": Array [
        "ThingGroupApiDeleteDynamicThingGroupFunctionServiceRole287BF546",
      ],
      "Properties": Object {
        "Code": Object {
          "S3Bucket": Object {
            "Fn::Sub": "cdk-hnb659fds-assets-\${AWS::AccountId}-\${AWS::Region}",
          },
          "S3Key": "87da52daed830e0d334a426de626153bae85be6777e1faac830897c31342b5d3.zip",
        },
        "Environment": Object {
          "Variables": Object {
            "AWS_NODEJS_CONNECTION_REUSE_ENABLED": "1",
          },
        },
        "Handler": "index.handler",
        "Role": Object {
          "Fn::GetAtt": Array [
            "ThingGroupApiDeleteDynamicThingGroupFunctionServiceRole287BF546",
            "Arn",
          ],
        },
        "Runtime": "nodejs14.x",
      },
      "Type": "AWS::Lambda::Function",
    },
    "ThingGroupApiDeleteDynamicThingGroupFunctionServiceRole287BF546": Object {
      "Properties": Object {
        "AssumeRolePolicyDocument": Object {
          "Statement": Array [
            Object {
              "Action": "sts:AssumeRole",
              "Effect": "Allow",
              "Principal": Object {
                "Service": "lambda.amazonaws.com",
              },
            },
          ],
          "Version": "2012-10-17",
        },
        "ManagedPolicyArns": Array [
          Object {
            "Fn::Join": Array [
              "",
              Array [
                "arn:",
                Object {
                  "Ref": "AWS::Partition",
                },
                ":iam::aws:policy/service-role/AWSLambdaBasicExecutionRole",
              ],
            ],
          },
        ],
      },
      "Type": "AWS::IAM::Role",
    },
    "ThingGroupApiDeleteThingGroupFunction08F04E41": Object {
      "DependsOn": Array [
        "ThingGroupApiDeleteThingGroupFunctionServiceRole8D37D199",
      ],
      "Properties": Object {
        "Code": Object {
          "S3Bucket": Object {
            "Fn::Sub": "cdk-hnb659fds-assets-\${AWS::AccountId}-\${AWS::Region}",
          },
          "S3Key": "fd66ee1e23ceefb094ae9f55522bae7d20ec51c7639549d8e006075f63808500.zip",
        },
        "Environment": Object {
          "Variables": Object {
            "AWS_NODEJS_CONNECTION_REUSE_ENABLED": "1",
          },
        },
        "Handler": "index.handler",
        "Role": Object {
          "Fn::GetAtt": Array [
            "ThingGroupApiDeleteThingGroupFunctionServiceRole8D37D199",
            "Arn",
          ],
        },
        "Runtime": "nodejs14.x",
      },
      "Type": "AWS::Lambda::Function",
    },
    "ThingGroupApiDeleteThingGroupFunctionServiceRole8D37D199": Object {
      "Properties": Object {
        "AssumeRolePolicyDocument": Object {
          "Statement": Array [
            Object {
              "Action": "sts:AssumeRole",
              "Effect": "Allow",
              "Principal": Object {
                "Service": "lambda.amazonaws.com",
              },
            },
          ],
          "Version": "2012-10-17",
        },
        "ManagedPolicyArns": Array [
          Object {
            "Fn::Join": Array [
              "",
              Array [
                "arn:",
                Object {
                  "Ref": "AWS::Partition",
                },
                ":iam::aws:policy/service-role/AWSLambdaBasicExecutionRole",
              ],
            ],
          },
        ],
      },
      "Type": "AWS::IAM::Role",
    },
    "ThingGroupApiGetThingGroupFunctionB4D168DF": Object {
      "DependsOn": Array [
        "ThingGroupApiGetThingGroupFunctionServiceRole80688DA1",
      ],
      "Properties": Object {
        "Code": Object {
          "S3Bucket": Object {
            "Fn::Sub": "cdk-hnb659fds-assets-\${AWS::AccountId}-\${AWS::Region}",
          },
          "S3Key": "be5d08a73536bd5839930bbe1dc5027578659baac2641f538c522eca65dcf81a.zip",
        },
        "Environment": Object {
          "Variables": Object {
            "AWS_NODEJS_CONNECTION_REUSE_ENABLED": "1",
          },
        },
        "Handler": "index.handler",
        "Role": Object {
          "Fn::GetAtt": Array [
            "ThingGroupApiGetThingGroupFunctionServiceRole80688DA1",
            "Arn",
          ],
        },
        "Runtime": "nodejs14.x",
      },
      "Type": "AWS::Lambda::Function",
    },
    "ThingGroupApiGetThingGroupFunctionServiceRole80688DA1": Object {
      "Properties": Object {
        "AssumeRolePolicyDocument": Object {
          "Statement": Array [
            Object {
              "Action": "sts:AssumeRole",
              "Effect": "Allow",
              "Principal": Object {
                "Service": "lambda.amazonaws.com",
              },
            },
          ],
          "Version": "2012-10-17",
        },
        "ManagedPolicyArns": Array [
          Object {
            "Fn::Join": Array [
              "",
              Array [
                "arn:",
                Object {
                  "Ref": "AWS::Partition",
                },
                ":iam::aws:policy/service-role/AWSLambdaBasicExecutionRole",
              ],
            ],
          },
        ],
      },
      "Type": "AWS::IAM::Role",
    },
    "ThingGroupApiListThingGroupsFunction626B079A": Object {
      "DependsOn": Array [
        "ThingGroupApiListThingGroupsFunctionServiceRole8A98D7BD",
      ],
      "Properties": Object {
        "Code": Object {
          "S3Bucket": Object {
            "Fn::Sub": "cdk-hnb659fds-assets-\${AWS::AccountId}-\${AWS::Region}",
          },
          "S3Key": "87b6f81ebe94d25e0b6dc858f19f6c7a7e92160687e106917dc69c796e427ad0.zip",
        },
        "Environment": Object {
          "Variables": Object {
            "AWS_NODEJS_CONNECTION_REUSE_ENABLED": "1",
          },
        },
        "Handler": "index.handler",
        "Role": Object {
          "Fn::GetAtt": Array [
            "ThingGroupApiListThingGroupsFunctionServiceRole8A98D7BD",
            "Arn",
          ],
        },
        "Runtime": "nodejs14.x",
      },
      "Type": "AWS::Lambda::Function",
    },
    "ThingGroupApiListThingGroupsFunctionServiceRole8A98D7BD": Object {
      "Properties": Object {
        "AssumeRolePolicyDocument": Object {
          "Statement": Array [
            Object {
              "Action": "sts:AssumeRole",
              "Effect": "Allow",
              "Principal": Object {
                "Service": "lambda.amazonaws.com",
              },
            },
          ],
          "Version": "2012-10-17",
        },
        "ManagedPolicyArns": Array [
          Object {
            "Fn::Join": Array [
              "",
              Array [
                "arn:",
                Object {
                  "Ref": "AWS::Partition",
                },
                ":iam::aws:policy/service-role/AWSLambdaBasicExecutionRole",
              ],
            ],
          },
        ],
      },
      "Type": "AWS::IAM::Role",
    },
    "ThingGroupApiRemoveThingFromThingGroupFunction93A1EA24": Object {
      "DependsOn": Array [
        "ThingGroupApiRemoveThingFromThingGroupFunctionServiceRoleD8AB0AC9",
      ],
      "Properties": Object {
        "Code": Object {
          "S3Bucket": Object {
            "Fn::Sub": "cdk-hnb659fds-assets-\${AWS::AccountId}-\${AWS::Region}",
          },
          "S3Key": "77d069f0cd4373957e4ad95f0bdf3e5d4cf06301e47e9b4cf8beb95a6da425be.zip",
        },
        "Environment": Object {
          "Variables": Object {
            "AWS_NODEJS_CONNECTION_REUSE_ENABLED": "1",
          },
        },
        "Handler": "index.handler",
        "Role": Object {
          "Fn::GetAtt": Array [
            "ThingGroupApiRemoveThingFromThingGroupFunctionServiceRoleD8AB0AC9",
            "Arn",
          ],
        },
        "Runtime": "nodejs14.x",
      },
      "Type": "AWS::Lambda::Function",
    },
    "ThingGroupApiRemoveThingFromThingGroupFunctionServiceRoleD8AB0AC9": Object {
      "Properties": Object {
        "AssumeRolePolicyDocument": Object {
          "Statement": Array [
            Object {
              "Action": "sts:AssumeRole",
              "Effect": "Allow",
              "Principal": Object {
                "Service": "lambda.amazonaws.com",
              },
            },
          ],
          "Version": "2012-10-17",
        },
        "ManagedPolicyArns": Array [
          Object {
            "Fn::Join": Array [
              "",
              Array [
                "arn:",
                Object {
                  "Ref": "AWS::Partition",
                },
                ":iam::aws:policy/service-role/AWSLambdaBasicExecutionRole",
              ],
            ],
          },
        ],
      },
      "Type": "AWS::IAM::Role",
    },
    "ThingGroupApiThingGroupRestApiAccount186D0DC5": Object {
      "DependsOn": Array [
        "ThingGroupApiThingGroupRestApiCB757BF2",
      ],
      "Properties": Object {
        "CloudWatchRoleArn": Object {
          "Fn::GetAtt": Array [
            "ThingGroupApiThingGroupRestApiCloudWatchRoleC1A9E0BE",
            "Arn",
          ],
        },
      },
      "Type": "AWS::ApiGateway::Account",
    },
    "ThingGroupApiThingGroupRestApiCB757BF2": Object {
      "Properties": Object {
        "Name": "ThingGroupRestApi",
      },
      "Type": "AWS::ApiGateway::RestApi",
    },
    "ThingGroupApiThingGroupRestApiCloudWatchRoleC1A9E0BE": Object {
      "Properties": Object {
        "AssumeRolePolicyDocument": Object {
          "Statement": Array [
            Object {
              "Action": "sts:AssumeRole",
              "Effect": "Allow",
              "Principal": Object {
                "Service": "apigateway.amazonaws.com",
              },
            },
          ],
          "Version": "2012-10-17",
        },
        "ManagedPolicyArns": Array [
          Object {
            "Fn::Join": Array [
              "",
              Array [
                "arn:",
                Object {
                  "Ref": "AWS::Partition",
                },
                ":iam::aws:policy/service-role/AmazonAPIGatewayPushToCloudWatchLogs",
              ],
            ],
          },
        ],
      },
      "Type": "AWS::IAM::Role",
    },
    "ThingGroupApiThingGroupRestApiDeploymentC78F614Abafc27441d9a1eac022fe71077605e7a": Object {
      "DependsOn": Array [
        "ThingGroupApiThingGroupRestApidynamicthinggroupsthingGroupNameDELETE903E413C",
        "ThingGroupApiThingGroupRestApidynamicthinggroupsthingGroupNameOPTIONS5C3F137C",
        "ThingGroupApiThingGroupRestApidynamicthinggroupsthingGroupNamePUT17AD747E",
        "ThingGroupApiThingGroupRestApidynamicthinggroupsthingGroupName8C421BEF",
        "ThingGroupApiThingGroupRestApidynamicthinggroupsOPTIONSFF4C74AF",
        "ThingGroupApiThingGroupRestApidynamicthinggroupsPOST84B6A047",
        "ThingGroupApiThingGroupRestApidynamicthinggroupsC4ED8E6C",
        "ThingGroupApiThingGroupRestApiOPTIONS48D1B8B9",
        "ThingGroupApiThingGroupRestApithinggroupsthingGroupNameDELETEE20337F4",
        "ThingGroupApiThingGroupRestApithinggroupsthingGroupNameGETEAE9C91C",
        "ThingGroupApiThingGroupRestApithinggroupsthingGroupNameOPTIONSD263A5AE",
        "ThingGroupApiThingGroupRestApithinggroupsthingGroupNamePUTAA86708A",
        "ThingGroupApiThingGroupRestApithinggroupsthingGroupNameF0A6E81A",
        "ThingGroupApiThingGroupRestApithinggroupsthingGroupNamethingsthingNameDELETEB84CDAEA",
        "ThingGroupApiThingGroupRestApithinggroupsthingGroupNamethingsthingNameOPTIONS35C12128",
        "ThingGroupApiThingGroupRestApithinggroupsthingGroupNamethingsthingNamePUT76D4E59F",
        "ThingGroupApiThingGroupRestApithinggroupsthingGroupNamethingsthingName3C02E972",
        "ThingGroupApiThingGroupRestApithinggroupsthingGroupNamethingsOPTIONSE3AB95CB",
        "ThingGroupApiThingGroupRestApithinggroupsthingGroupNamethings0C0DA311",
        "ThingGroupApiThingGroupRestApithinggroupsGET819E4255",
        "ThingGroupApiThingGroupRestApithinggroupsOPTIONS5AC22982",
        "ThingGroupApiThingGroupRestApithinggroupsPOST39B60BAA",
        "ThingGroupApiThingGroupRestApithinggroups24E29853",
      ],
      "Properties": Object {
        "Description": "Automatically created by the RestApi construct",
        "RestApiId": Object {
          "Ref": "ThingGroupApiThingGroupRestApiCB757BF2",
        },
      },
      "Type": "AWS::ApiGateway::Deployment",
    },
    "ThingGroupApiThingGroupRestApiDeploymentStageprod50BAFA84": Object {
      "Properties": Object {
        "DeploymentId": Object {
          "Ref": "ThingGroupApiThingGroupRestApiDeploymentC78F614Abafc27441d9a1eac022fe71077605e7a",
        },
        "RestApiId": Object {
          "Ref": "ThingGroupApiThingGroupRestApiCB757BF2",
        },
        "StageName": "prod",
      },
      "Type": "AWS::ApiGateway::Stage",
    },
    "ThingGroupApiThingGroupRestApiOPTIONS48D1B8B9": Object {
      "Properties": Object {
        "AuthorizationType": "NONE",
        "HttpMethod": "OPTIONS",
        "Integration": Object {
          "IntegrationResponses": Array [
            Object {
              "ResponseParameters": Object {
                "method.response.header.Access-Control-Allow-Headers": "'Origin,Content-Type,Fetch-Mode,Accept,X-Amz-Date,Accept-Encoding,Authorization,cache-control,SyncCenter,X-Api-Key,X-Amz-Security-Token,X-Amz-User-Agent'",
                "method.response.header.Access-Control-Allow-Methods": "'OPTIONS,GET,PUT,POST,DELETE,PATCH,HEAD'",
                "method.response.header.Access-Control-Allow-Origin": "'*'",
              },
              "StatusCode": "204",
            },
          ],
          "RequestTemplates": Object {
            "application/json": "{ statusCode: 200 }",
          },
          "Type": "MOCK",
        },
        "MethodResponses": Array [
          Object {
            "ResponseParameters": Object {
              "method.response.header.Access-Control-Allow-Headers": true,
              "method.response.header.Access-Control-Allow-Methods": true,
              "method.response.header.Access-Control-Allow-Origin": true,
            },
            "StatusCode": "204",
          },
        ],
        "ResourceId": Object {
          "Fn::GetAtt": Array [
            "ThingGroupApiThingGroupRestApiCB757BF2",
            "RootResourceId",
          ],
        },
        "RestApiId": Object {
          "Ref": "ThingGroupApiThingGroupRestApiCB757BF2",
        },
      },
      "Type": "AWS::ApiGateway::Method",
    },
    "ThingGroupApiThingGroupRestApidynamicthinggroupsC4ED8E6C": Object {
      "Properties": Object {
        "ParentId": Object {
          "Fn::GetAtt": Array [
            "ThingGroupApiThingGroupRestApiCB757BF2",
            "RootResourceId",
          ],
        },
        "PathPart": "dynamic-thing-groups",
        "RestApiId": Object {
          "Ref": "ThingGroupApiThingGroupRestApiCB757BF2",
        },
      },
      "Type": "AWS::ApiGateway::Resource",
    },
    "ThingGroupApiThingGroupRestApidynamicthinggroupsOPTIONSFF4C74AF": Object {
      "Properties": Object {
        "AuthorizationType": "NONE",
        "HttpMethod": "OPTIONS",
        "Integration": Object {
          "IntegrationResponses": Array [
            Object {
              "ResponseParameters": Object {
                "method.response.header.Access-Control-Allow-Headers": "'Origin,Content-Type,Fetch-Mode,Accept,X-Amz-Date,Accept-Encoding,Authorization,cache-control,SyncCenter,X-Api-Key,X-Amz-Security-Token,X-Amz-User-Agent'",
                "method.response.header.Access-Control-Allow-Methods": "'OPTIONS,GET,PUT,POST,DELETE,PATCH,HEAD'",
                "method.response.header.Access-Control-Allow-Origin": "'*'",
              },
              "StatusCode": "204",
            },
          ],
          "RequestTemplates": Object {
            "application/json": "{ statusCode: 200 }",
          },
          "Type": "MOCK",
        },
        "MethodResponses": Array [
          Object {
            "ResponseParameters": Object {
              "method.response.header.Access-Control-Allow-Headers": true,
              "method.response.header.Access-Control-Allow-Methods": true,
              "method.response.header.Access-Control-Allow-Origin": true,
            },
            "StatusCode": "204",
          },
        ],
        "ResourceId": Object {
          "Ref": "ThingGroupApiThingGroupRestApidynamicthinggroupsC4ED8E6C",
        },
        "RestApiId": Object {
          "Ref": "ThingGroupApiThingGroupRestApiCB757BF2",
        },
      },
      "Type": "AWS::ApiGateway::Method",
    },
    "ThingGroupApiThingGroupRestApidynamicthinggroupsPOST84B6A047": Object {
      "Properties": Object {
        "AuthorizationType": "NONE",
        "HttpMethod": "POST",
        "Integration": Object {
          "IntegrationHttpMethod": "POST",
          "Type": "AWS_PROXY",
          "Uri": Object {
            "Fn::Join": Array [
              "",
              Array [
                "arn:",
                Object {
                  "Ref": "AWS::Partition",
                },
                ":apigateway:",
                Object {
                  "Ref": "AWS::Region",
                },
                ":lambda:path/2015-03-31/functions/",
                Object {
                  "Fn::GetAtt": Array [
                    "ThingGroupApiCreateDynamicThingGroupFunctionC67540C8",
                    "Arn",
                  ],
                },
                "/invocations",
              ],
            ],
          },
        },
        "ResourceId": Object {
          "Ref": "ThingGroupApiThingGroupRestApidynamicthinggroupsC4ED8E6C",
        },
        "RestApiId": Object {
          "Ref": "ThingGroupApiThingGroupRestApiCB757BF2",
        },
      },
      "Type": "AWS::ApiGateway::Method",
    },
    "ThingGroupApiThingGroupRestApidynamicthinggroupsPOSTApiPermissionTestteststackThingGroupApiThingGroupRestApi383FD1A9POSTdynamicthinggroupsC6FEA26C": Object {
      "Properties": Object {
        "Action": "lambda:InvokeFunction",
        "FunctionName": Object {
          "Fn::GetAtt": Array [
            "ThingGroupApiCreateDynamicThingGroupFunctionC67540C8",
            "Arn",
          ],
        },
        "Principal": "apigateway.amazonaws.com",
        "SourceArn": Object {
          "Fn::Join": Array [
            "",
            Array [
              "arn:",
              Object {
                "Ref": "AWS::Partition",
              },
              ":execute-api:",
              Object {
                "Ref": "AWS::Region",
              },
              ":",
              Object {
                "Ref": "AWS::AccountId",
              },
              ":",
              Object {
                "Ref": "ThingGroupApiThingGroupRestApiCB757BF2",
              },
              "/test-invoke-stage/POST/dynamic-thing-groups",
            ],
          ],
        },
      },
      "Type": "AWS::Lambda::Permission",
    },
    "ThingGroupApiThingGroupRestApidynamicthinggroupsPOSTApiPermissionteststackThingGroupApiThingGroupRestApi383FD1A9POSTdynamicthinggroupsA29B5A17": Object {
      "Properties": Object {
        "Action": "lambda:InvokeFunction",
        "FunctionName": Object {
          "Fn::GetAtt": Array [
            "ThingGroupApiCreateDynamicThingGroupFunctionC67540C8",
            "Arn",
          ],
        },
        "Principal": "apigateway.amazonaws.com",
        "SourceArn": Object {
          "Fn::Join": Array [
            "",
            Array [
              "arn:",
              Object {
                "Ref": "AWS::Partition",
              },
              ":execute-api:",
              Object {
                "Ref": "AWS::Region",
              },
              ":",
              Object {
                "Ref": "AWS::AccountId",
              },
              ":",
              Object {
                "Ref": "ThingGroupApiThingGroupRestApiCB757BF2",
              },
              "/",
              Object {
                "Ref": "ThingGroupApiThingGroupRestApiDeploymentStageprod50BAFA84",
              },
              "/POST/dynamic-thing-groups",
            ],
          ],
        },
      },
      "Type": "AWS::Lambda::Permission",
    },
    "ThingGroupApiThingGroupRestApidynamicthinggroupsthingGroupName8C421BEF": Object {
      "Properties": Object {
        "ParentId": Object {
          "Ref": "ThingGroupApiThingGroupRestApidynamicthinggroupsC4ED8E6C",
        },
        "PathPart": "{thingGroupName}",
        "RestApiId": Object {
          "Ref": "ThingGroupApiThingGroupRestApiCB757BF2",
        },
      },
      "Type": "AWS::ApiGateway::Resource",
    },
    "ThingGroupApiThingGroupRestApidynamicthinggroupsthingGroupNameDELETE903E413C": Object {
      "Properties": Object {
        "AuthorizationType": "NONE",
        "HttpMethod": "DELETE",
        "Integration": Object {
          "IntegrationHttpMethod": "POST",
          "Type": "AWS_PROXY",
          "Uri": Object {
            "Fn::Join": Array [
              "",
              Array [
                "arn:",
                Object {
                  "Ref": "AWS::Partition",
                },
                ":apigateway:",
                Object {
                  "Ref": "AWS::Region",
                },
                ":lambda:path/2015-03-31/functions/",
                Object {
                  "Fn::GetAtt": Array [
                    "ThingGroupApiDeleteDynamicThingGroupFunction8D13A81F",
                    "Arn",
                  ],
                },
                "/invocations",
              ],
            ],
          },
        },
        "ResourceId": Object {
          "Ref": "ThingGroupApiThingGroupRestApidynamicthinggroupsthingGroupName8C421BEF",
        },
        "RestApiId": Object {
          "Ref": "ThingGroupApiThingGroupRestApiCB757BF2",
        },
      },
      "Type": "AWS::ApiGateway::Method",
    },
    "ThingGroupApiThingGroupRestApidynamicthinggroupsthingGroupNameDELETEApiPermissionTestteststackThingGroupApiThingGroupRestApi383FD1A9DELETEdynamicthinggroupsthingGroupName09FBCA58": Object {
      "Properties": Object {
        "Action": "lambda:InvokeFunction",
        "FunctionName": Object {
          "Fn::GetAtt": Array [
            "ThingGroupApiDeleteDynamicThingGroupFunction8D13A81F",
            "Arn",
          ],
        },
        "Principal": "apigateway.amazonaws.com",
        "SourceArn": Object {
          "Fn::Join": Array [
            "",
            Array [
              "arn:",
              Object {
                "Ref": "AWS::Partition",
              },
              ":execute-api:",
              Object {
                "Ref": "AWS::Region",
              },
              ":",
              Object {
                "Ref": "AWS::AccountId",
              },
              ":",
              Object {
                "Ref": "ThingGroupApiThingGroupRestApiCB757BF2",
              },
              "/test-invoke-stage/DELETE/dynamic-thing-groups/*",
            ],
          ],
        },
      },
      "Type": "AWS::Lambda::Permission",
    },
    "ThingGroupApiThingGroupRestApidynamicthinggroupsthingGroupNameDELETEApiPermissionteststackThingGroupApiThingGroupRestApi383FD1A9DELETEdynamicthinggroupsthingGroupNameCB888357": Object {
      "Properties": Object {
        "Action": "lambda:InvokeFunction",
        "FunctionName": Object {
          "Fn::GetAtt": Array [
            "ThingGroupApiDeleteDynamicThingGroupFunction8D13A81F",
            "Arn",
          ],
        },
        "Principal": "apigateway.amazonaws.com",
        "SourceArn": Object {
          "Fn::Join": Array [
            "",
            Array [
              "arn:",
              Object {
                "Ref": "AWS::Partition",
              },
              ":execute-api:",
              Object {
                "Ref": "AWS::Region",
              },
              ":",
              Object {
                "Ref": "AWS::AccountId",
              },
              ":",
              Object {
                "Ref": "ThingGroupApiThingGroupRestApiCB757BF2",
              },
              "/",
              Object {
                "Ref": "ThingGroupApiThingGroupRestApiDeploymentStageprod50BAFA84",
              },
              "/DELETE/dynamic-thing-groups/*",
            ],
          ],
        },
      },
      "Type": "AWS::Lambda::Permission",
    },
    "ThingGroupApiThingGroupRestApidynamicthinggroupsthingGroupNameOPTIONS5C3F137C": Object {
      "Properties": Object {
        "AuthorizationType": "NONE",
        "HttpMethod": "OPTIONS",
        "Integration": Object {
          "IntegrationResponses": Array [
            Object {
              "ResponseParameters": Object {
                "method.response.header.Access-Control-Allow-Headers": "'Origin,Content-Type,Fetch-Mode,Accept,X-Amz-Date,Accept-Encoding,Authorization,cache-control,SyncCenter,X-Api-Key,X-Amz-Security-Token,X-Amz-User-Agent'",
                "method.response.header.Access-Control-Allow-Methods": "'OPTIONS,GET,PUT,POST,DELETE,PATCH,HEAD'",
                "method.response.header.Access-Control-Allow-Origin": "'*'",
              },
              "StatusCode": "204",
            },
          ],
          "RequestTemplates": Object {
            "application/json": "{ statusCode: 200 }",
          },
          "Type": "MOCK",
        },
        "MethodResponses": Array [
          Object {
            "ResponseParameters": Object {
              "method.response.header.Access-Control-Allow-Headers": true,
              "method.response.header.Access-Control-Allow-Methods": true,
              "method.response.header.Access-Control-Allow-Origin": true,
            },
            "StatusCode": "204",
          },
        ],
        "ResourceId": Object {
          "Ref": "ThingGroupApiThingGroupRestApidynamicthinggroupsthingGroupName8C421BEF",
        },
        "RestApiId": Object {
          "Ref": "ThingGroupApiThingGroupRestApiCB757BF2",
        },
      },
      "Type": "AWS::ApiGateway::Method",
    },
    "ThingGroupApiThingGroupRestApidynamicthinggroupsthingGroupNamePUT17AD747E": Object {
      "Properties": Object {
        "AuthorizationType": "NONE",
        "HttpMethod": "PUT",
        "Integration": Object {
          "IntegrationHttpMethod": "POST",
          "Type": "AWS_PROXY",
          "Uri": Object {
            "Fn::Join": Array [
              "",
              Array [
                "arn:",
                Object {
                  "Ref": "AWS::Partition",
                },
                ":apigateway:",
                Object {
                  "Ref": "AWS::Region",
                },
                ":lambda:path/2015-03-31/functions/",
                Object {
                  "Fn::GetAtt": Array [
                    "ThingGroupApiUpdateDynamicThingGroupFunction3CEE9758",
                    "Arn",
                  ],
                },
                "/invocations",
              ],
            ],
          },
        },
        "ResourceId": Object {
          "Ref": "ThingGroupApiThingGroupRestApidynamicthinggroupsthingGroupName8C421BEF",
        },
        "RestApiId": Object {
          "Ref": "ThingGroupApiThingGroupRestApiCB757BF2",
        },
      },
      "Type": "AWS::ApiGateway::Method",
    },
    "ThingGroupApiThingGroupRestApidynamicthinggroupsthingGroupNamePUTApiPermissionTestteststackThingGroupApiThingGroupRestApi383FD1A9PUTdynamicthinggroupsthingGroupName215559CD": Object {
      "Properties": Object {
        "Action": "lambda:InvokeFunction",
        "FunctionName": Object {
          "Fn::GetAtt": Array [
            "ThingGroupApiUpdateDynamicThingGroupFunction3CEE9758",
            "Arn",
          ],
        },
        "Principal": "apigateway.amazonaws.com",
        "SourceArn": Object {
          "Fn::Join": Array [
            "",
            Array [
              "arn:",
              Object {
                "Ref": "AWS::Partition",
              },
              ":execute-api:",
              Object {
                "Ref": "AWS::Region",
              },
              ":",
              Object {
                "Ref": "AWS::AccountId",
              },
              ":",
              Object {
                "Ref": "ThingGroupApiThingGroupRestApiCB757BF2",
              },
              "/test-invoke-stage/PUT/dynamic-thing-groups/*",
            ],
          ],
        },
      },
      "Type": "AWS::Lambda::Permission",
    },
    "ThingGroupApiThingGroupRestApidynamicthinggroupsthingGroupNamePUTApiPermissionteststackThingGroupApiThingGroupRestApi383FD1A9PUTdynamicthinggroupsthingGroupName25127525": Object {
      "Properties": Object {
        "Action": "lambda:InvokeFunction",
        "FunctionName": Object {
          "Fn::GetAtt": Array [
            "ThingGroupApiUpdateDynamicThingGroupFunction3CEE9758",
            "Arn",
          ],
        },
        "Principal": "apigateway.amazonaws.com",
        "SourceArn": Object {
          "Fn::Join": Array [
            "",
            Array [
              "arn:",
              Object {
                "Ref": "AWS::Partition",
              },
              ":execute-api:",
              Object {
                "Ref": "AWS::Region",
              },
              ":",
              Object {
                "Ref": "AWS::AccountId",
              },
              ":",
              Object {
                "Ref": "ThingGroupApiThingGroupRestApiCB757BF2",
              },
              "/",
              Object {
                "Ref": "ThingGroupApiThingGroupRestApiDeploymentStageprod50BAFA84",
              },
              "/PUT/dynamic-thing-groups/*",
            ],
          ],
        },
      },
      "Type": "AWS::Lambda::Permission",
    },
    "ThingGroupApiThingGroupRestApithinggroups24E29853": Object {
      "Properties": Object {
        "ParentId": Object {
          "Fn::GetAtt": Array [
            "ThingGroupApiThingGroupRestApiCB757BF2",
            "RootResourceId",
          ],
        },
        "PathPart": "thing-groups",
        "RestApiId": Object {
          "Ref": "ThingGroupApiThingGroupRestApiCB757BF2",
        },
      },
      "Type": "AWS::ApiGateway::Resource",
    },
    "ThingGroupApiThingGroupRestApithinggroupsGET819E4255": Object {
      "Properties": Object {
        "AuthorizationType": "NONE",
        "HttpMethod": "GET",
        "Integration": Object {
          "IntegrationHttpMethod": "POST",
          "Type": "AWS_PROXY",
          "Uri": Object {
            "Fn::Join": Array [
              "",
              Array [
                "arn:",
                Object {
                  "Ref": "AWS::Partition",
                },
                ":apigateway:",
                Object {
                  "Ref": "AWS::Region",
                },
                ":lambda:path/2015-03-31/functions/",
                Object {
                  "Fn::GetAtt": Array [
                    "ThingGroupApiListThingGroupsFunction626B079A",
                    "Arn",
                  ],
                },
                "/invocations",
              ],
            ],
          },
        },
        "ResourceId": Object {
          "Ref": "ThingGroupApiThingGroupRestApithinggroups24E29853",
        },
        "RestApiId": Object {
          "Ref": "ThingGroupApiThingGroupRestApiCB757BF2",
        },
      },
      "Type": "AWS::ApiGateway::Method",
    },
    "ThingGroupApiThingGroupRestApithinggroupsGETApiPermissionTestteststackThingGroupApiThingGroupRestApi383FD1A9GETthinggroupsDCAFC05F": Object {
      "Properties": Object {
        "Action": "lambda:InvokeFunction",
        "FunctionName": Object {
          "Fn::GetAtt": Array [
            "ThingGroupApiListThingGroupsFunction626B079A",
            "Arn",
          ],
        },
        "Principal": "apigateway.amazonaws.com",
        "SourceArn": Object {
          "Fn::Join": Array [
            "",
            Array [
              "arn:",
              Object {
                "Ref": "AWS::Partition",
              },
              ":execute-api:",
              Object {
                "Ref": "AWS::Region",
              },
              ":",
              Object {
                "Ref": "AWS::AccountId",
              },
              ":",
              Object {
                "Ref": "ThingGroupApiThingGroupRestApiCB757BF2",
              },
              "/test-invoke-stage/GET/thing-groups",
            ],
          ],
        },
      },
      "Type": "AWS::Lambda::Permission",
    },
    "ThingGroupApiThingGroupRestApithinggroupsGETApiPermissionteststackThingGroupApiThingGroupRestApi383FD1A9GETthinggroupsA98149EC": Object {
      "Properties": Object {
        "Action": "lambda:InvokeFunction",
        "FunctionName": Object {
          "Fn::GetAtt": Array [
            "ThingGroupApiListThingGroupsFunction626B079A",
            "Arn",
          ],
        },
        "Principal": "apigateway.amazonaws.com",
        "SourceArn": Object {
          "Fn::Join": Array [
            "",
            Array [
              "arn:",
              Object {
                "Ref": "AWS::Partition",
              },
              ":execute-api:",
              Object {
                "Ref": "AWS::Region",
              },
              ":",
              Object {
                "Ref": "AWS::AccountId",
              },
              ":",
              Object {
                "Ref": "ThingGroupApiThingGroupRestApiCB757BF2",
              },
              "/",
              Object {
                "Ref": "ThingGroupApiThingGroupRestApiDeploymentStageprod50BAFA84",
              },
              "/GET/thing-groups",
            ],
          ],
        },
      },
      "Type": "AWS::Lambda::Permission",
    },
    "ThingGroupApiThingGroupRestApithinggroupsOPTIONS5AC22982": Object {
      "Properties": Object {
        "AuthorizationType": "NONE",
        "HttpMethod": "OPTIONS",
        "Integration": Object {
          "IntegrationResponses": Array [
            Object {
              "ResponseParameters": Object {
                "method.response.header.Access-Control-Allow-Headers": "'Origin,Content-Type,Fetch-Mode,Accept,X-Amz-Date,Accept-Encoding,Authorization,cache-control,SyncCenter,X-Api-Key,X-Amz-Security-Token,X-Amz-User-Agent'",
                "method.response.header.Access-Control-Allow-Methods": "'OPTIONS,GET,PUT,POST,DELETE,PATCH,HEAD'",
                "method.response.header.Access-Control-Allow-Origin": "'*'",
              },
              "StatusCode": "204",
            },
          ],
          "RequestTemplates": Object {
            "application/json": "{ statusCode: 200 }",
          },
          "Type": "MOCK",
        },
        "MethodResponses": Array [
          Object {
            "ResponseParameters": Object {
              "method.response.header.Access-Control-Allow-Headers": true,
              "method.response.header.Access-Control-Allow-Methods": true,
              "method.response.header.Access-Control-Allow-Origin": true,
            },
            "StatusCode": "204",
          },
        ],
        "ResourceId": Object {
          "Ref": "ThingGroupApiThingGroupRestApithinggroups24E29853",
        },
        "RestApiId": Object {
          "Ref": "ThingGroupApiThingGroupRestApiCB757BF2",
        },
      },
      "Type": "AWS::ApiGateway::Method",
    },
    "ThingGroupApiThingGroupRestApithinggroupsPOST39B60BAA": Object {
      "Properties": Object {
        "AuthorizationType": "NONE",
        "HttpMethod": "POST",
        "Integration": Object {
          "IntegrationHttpMethod": "POST",
          "Type": "AWS_PROXY",
          "Uri": Object {
            "Fn::Join": Array [
              "",
              Array [
                "arn:",
                Object {
                  "Ref": "AWS::Partition",
                },
                ":apigateway:",
                Object {
                  "Ref": "AWS::Region",
                },
                ":lambda:path/2015-03-31/functions/",
                Object {
                  "Fn::GetAtt": Array [
                    "ThingGroupApiCreateThingGroupFunction7445B8C6",
                    "Arn",
                  ],
                },
                "/invocations",
              ],
            ],
          },
        },
        "ResourceId": Object {
          "Ref": "ThingGroupApiThingGroupRestApithinggroups24E29853",
        },
        "RestApiId": Object {
          "Ref": "ThingGroupApiThingGroupRestApiCB757BF2",
        },
      },
      "Type": "AWS::ApiGateway::Method",
    },
    "ThingGroupApiThingGroupRestApithinggroupsPOSTApiPermissionTestteststackThingGroupApiThingGroupRestApi383FD1A9POSTthinggroupsE14FAFE9": Object {
      "Properties": Object {
        "Action": "lambda:InvokeFunction",
        "FunctionName": Object {
          "Fn::GetAtt": Array [
            "ThingGroupApiCreateThingGroupFunction7445B8C6",
            "Arn",
          ],
        },
        "Principal": "apigateway.amazonaws.com",
        "SourceArn": Object {
          "Fn::Join": Array [
            "",
            Array [
              "arn:",
              Object {
                "Ref": "AWS::Partition",
              },
              ":execute-api:",
              Object {
                "Ref": "AWS::Region",
              },
              ":",
              Object {
                "Ref": "AWS::AccountId",
              },
              ":",
              Object {
                "Ref": "ThingGroupApiThingGroupRestApiCB757BF2",
              },
              "/test-invoke-stage/POST/thing-groups",
            ],
          ],
        },
      },
      "Type": "AWS::Lambda::Permission",
    },
    "ThingGroupApiThingGroupRestApithinggroupsPOSTApiPermissionteststackThingGroupApiThingGroupRestApi383FD1A9POSTthinggroups04BC8B88": Object {
      "Properties": Object {
        "Action": "lambda:InvokeFunction",
        "FunctionName": Object {
          "Fn::GetAtt": Array [
            "ThingGroupApiCreateThingGroupFunction7445B8C6",
            "Arn",
          ],
        },
        "Principal": "apigateway.amazonaws.com",
        "SourceArn": Object {
          "Fn::Join": Array [
            "",
            Array [
              "arn:",
              Object {
                "Ref": "AWS::Partition",
              },
              ":execute-api:",
              Object {
                "Ref": "AWS::Region",
              },
              ":",
              Object {
                "Ref": "AWS::AccountId",
              },
              ":",
              Object {
                "Ref": "ThingGroupApiThingGroupRestApiCB757BF2",
              },
              "/",
              Object {
                "Ref": "ThingGroupApiThingGroupRestApiDeploymentStageprod50BAFA84",
              },
              "/POST/thing-groups",
            ],
          ],
        },
      },
      "Type": "AWS::Lambda::Permission",
    },
    "ThingGroupApiThingGroupRestApithinggroupsthingGroupNameDELETEApiPermissionTestteststackThingGroupApiThingGroupRestApi383FD1A9DELETEthinggroupsthingGroupName36A37C9F": Object {
      "Properties": Object {
        "Action": "lambda:InvokeFunction",
        "FunctionName": Object {
          "Fn::GetAtt": Array [
            "ThingGroupApiDeleteThingGroupFunction08F04E41",
            "Arn",
          ],
        },
        "Principal": "apigateway.amazonaws.com",
        "SourceArn": Object {
          "Fn::Join": Array [
            "",
            Array [
              "arn:",
              Object {
                "Ref": "AWS::Partition",
              },
              ":execute-api:",
              Object {
                "Ref": "AWS::Region",
              },
              ":",
              Object {
                "Ref": "AWS::AccountId",
              },
              ":",
              Object {
                "Ref": "ThingGroupApiThingGroupRestApiCB757BF2",
              },
              "/test-invoke-stage/DELETE/thing-groups/*",
            ],
          ],
        },
      },
      "Type": "AWS::Lambda::Permission",
    },
    "ThingGroupApiThingGroupRestApithinggroupsthingGroupNameDELETEApiPermissionteststackThingGroupApiThingGroupRestApi383FD1A9DELETEthinggroupsthingGroupName27F4F3A0": Object {
      "Properties": Object {
        "Action": "lambda:InvokeFunction",
        "FunctionName": Object {
          "Fn::GetAtt": Array [
            "ThingGroupApiDeleteThingGroupFunction08F04E41",
            "Arn",
          ],
        },
        "Principal": "apigateway.amazonaws.com",
        "SourceArn": Object {
          "Fn::Join": Array [
            "",
            Array [
              "arn:",
              Object {
                "Ref": "AWS::Partition",
              },
              ":execute-api:",
              Object {
                "Ref": "AWS::Region",
              },
              ":",
              Object {
                "Ref": "AWS::AccountId",
              },
              ":",
              Object {
                "Ref": "ThingGroupApiThingGroupRestApiCB757BF2",
              },
              "/",
              Object {
                "Ref": "ThingGroupApiThingGroupRestApiDeploymentStageprod50BAFA84",
              },
              "/DELETE/thing-groups/*",
            ],
          ],
        },
      },
      "Type": "AWS::Lambda::Permission",
    },
    "ThingGroupApiThingGroupRestApithinggroupsthingGroupNameDELETEE20337F4": Object {
      "Properties": Object {
        "AuthorizationType": "NONE",
        "HttpMethod": "DELETE",
        "Integration": Object {
          "IntegrationHttpMethod": "POST",
          "Type": "AWS_PROXY",
          "Uri": Object {
            "Fn::Join": Array [
              "",
              Array [
                "arn:",
                Object {
                  "Ref": "AWS::Partition",
                },
                ":apigateway:",
                Object {
                  "Ref": "AWS::Region",
                },
                ":lambda:path/2015-03-31/functions/",
                Object {
                  "Fn::GetAtt": Array [
                    "ThingGroupApiDeleteThingGroupFunction08F04E41",
                    "Arn",
                  ],
                },
                "/invocations",
              ],
            ],
          },
        },
        "ResourceId": Object {
          "Ref": "ThingGroupApiThingGroupRestApithinggroupsthingGroupNameF0A6E81A",
        },
        "RestApiId": Object {
          "Ref": "ThingGroupApiThingGroupRestApiCB757BF2",
        },
      },
      "Type": "AWS::ApiGateway::Method",
    },
    "ThingGroupApiThingGroupRestApithinggroupsthingGroupNameF0A6E81A": Object {
      "Properties": Object {
        "ParentId": Object {
          "Ref": "ThingGroupApiThingGroupRestApithinggroups24E29853",
        },
        "PathPart": "{thingGroupName}",
        "RestApiId": Object {
          "Ref": "ThingGroupApiThingGroupRestApiCB757BF2",
        },
      },
      "Type": "AWS::ApiGateway::Resource",
    },
    "ThingGroupApiThingGroupRestApithinggroupsthingGroupNameGETApiPermissionTestteststackThingGroupApiThingGroupRestApi383FD1A9GETthinggroupsthingGroupNameB1C3488C": Object {
      "Properties": Object {
        "Action": "lambda:InvokeFunction",
        "FunctionName": Object {
          "Fn::GetAtt": Array [
            "ThingGroupApiGetThingGroupFunctionB4D168DF",
            "Arn",
          ],
        },
        "Principal": "apigateway.amazonaws.com",
        "SourceArn": Object {
          "Fn::Join": Array [
            "",
            Array [
              "arn:",
              Object {
                "Ref": "AWS::Partition",
              },
              ":execute-api:",
              Object {
                "Ref": "AWS::Region",
              },
              ":",
              Object {
                "Ref": "AWS::AccountId",
              },
              ":",
              Object {
                "Ref": "ThingGroupApiThingGroupRestApiCB757BF2",
              },
              "/test-invoke-stage/GET/thing-groups/*",
            ],
          ],
        },
      },
      "Type": "AWS::Lambda::Permission",
    },
    "ThingGroupApiThingGroupRestApithinggroupsthingGroupNameGETApiPermissionteststackThingGroupApiThingGroupRestApi383FD1A9GETthinggroupsthingGroupNameF72A97D2": Object {
      "Properties": Object {
        "Action": "lambda:InvokeFunction",
        "FunctionName": Object {
          "Fn::GetAtt": Array [
            "ThingGroupApiGetThingGroupFunctionB4D168DF",
            "Arn",
          ],
        },
        "Principal": "apigateway.amazonaws.com",
        "SourceArn": Object {
          "Fn::Join": Array [
            "",
            Array [
              "arn:",
              Object {
                "Ref": "AWS::Partition",
              },
              ":execute-api:",
              Object {
                "Ref": "AWS::Region",
              },
              ":",
              Object {
                "Ref": "AWS::AccountId",
              },
              ":",
              Object {
                "Ref": "ThingGroupApiThingGroupRestApiCB757BF2",
              },
              "/",
              Object {
                "Ref": "ThingGroupApiThingGroupRestApiDeploymentStageprod50BAFA84",
              },
              "/GET/thing-groups/*",
            ],
          ],
        },
      },
      "Type": "AWS::Lambda::Permission",
    },
    "ThingGroupApiThingGroupRestApithinggroupsthingGroupNameGETEAE9C91C": Object {
      "Properties": Object {
        "AuthorizationType": "NONE",
        "HttpMethod": "GET",
        "Integration": Object {
          "IntegrationHttpMethod": "POST",
          "Type": "AWS_PROXY",
          "Uri": Object {
            "Fn::Join": Array [
              "",
              Array [
                "arn:",
                Object {
                  "Ref": "AWS::Partition",
                },
                ":apigateway:",
                Object {
                  "Ref": "AWS::Region",
                },
                ":lambda:path/2015-03-31/functions/",
                Object {
                  "Fn::GetAtt": Array [
                    "ThingGroupApiGetThingGroupFunctionB4D168DF",
                    "Arn",
                  ],
                },
                "/invocations",
              ],
            ],
          },
        },
        "ResourceId": Object {
          "Ref": "ThingGroupApiThingGroupRestApithinggroupsthingGroupNameF0A6E81A",
        },
        "RestApiId": Object {
          "Ref": "ThingGroupApiThingGroupRestApiCB757BF2",
        },
      },
      "Type": "AWS::ApiGateway::Method",
    },
    "ThingGroupApiThingGroupRestApithinggroupsthingGroupNameOPTIONSD263A5AE": Object {
      "Properties": Object {
        "AuthorizationType": "NONE",
        "HttpMethod": "OPTIONS",
        "Integration": Object {
          "IntegrationResponses": Array [
            Object {
              "ResponseParameters": Object {
                "method.response.header.Access-Control-Allow-Headers": "'Origin,Content-Type,Fetch-Mode,Accept,X-Amz-Date,Accept-Encoding,Authorization,cache-control,SyncCenter,X-Api-Key,X-Amz-Security-Token,X-Amz-User-Agent'",
                "method.response.header.Access-Control-Allow-Methods": "'OPTIONS,GET,PUT,POST,DELETE,PATCH,HEAD'",
                "method.response.header.Access-Control-Allow-Origin": "'*'",
              },
              "StatusCode": "204",
            },
          ],
          "RequestTemplates": Object {
            "application/json": "{ statusCode: 200 }",
          },
          "Type": "MOCK",
        },
        "MethodResponses": Array [
          Object {
            "ResponseParameters": Object {
              "method.response.header.Access-Control-Allow-Headers": true,
              "method.response.header.Access-Control-Allow-Methods": true,
              "method.response.header.Access-Control-Allow-Origin": true,
            },
            "StatusCode": "204",
          },
        ],
        "ResourceId": Object {
          "Ref": "ThingGroupApiThingGroupRestApithinggroupsthingGroupNameF0A6E81A",
        },
        "RestApiId": Object {
          "Ref": "ThingGroupApiThingGroupRestApiCB757BF2",
        },
      },
      "Type": "AWS::ApiGateway::Method",
    },
    "ThingGroupApiThingGroupRestApithinggroupsthingGroupNamePUTAA86708A": Object {
      "Properties": Object {
        "AuthorizationType": "NONE",
        "HttpMethod": "PUT",
        "Integration": Object {
          "IntegrationHttpMethod": "POST",
          "Type": "AWS_PROXY",
          "Uri": Object {
            "Fn::Join": Array [
              "",
              Array [
                "arn:",
                Object {
                  "Ref": "AWS::Partition",
                },
                ":apigateway:",
                Object {
                  "Ref": "AWS::Region",
                },
                ":lambda:path/2015-03-31/functions/",
                Object {
                  "Fn::GetAtt": Array [
                    "ThingGroupApiUpdateThingGroupFunctionC3E79424",
                    "Arn",
                  ],
                },
                "/invocations",
              ],
            ],
          },
        },
        "ResourceId": Object {
          "Ref": "ThingGroupApiThingGroupRestApithinggroupsthingGroupNameF0A6E81A",
        },
        "RestApiId": Object {
          "Ref": "ThingGroupApiThingGroupRestApiCB757BF2",
        },
      },
      "Type": "AWS::ApiGateway::Method",
    },
    "ThingGroupApiThingGroupRestApithinggroupsthingGroupNamePUTApiPermissionTestteststackThingGroupApiThingGroupRestApi383FD1A9PUTthinggroupsthingGroupName16A4420A": Object {
      "Properties": Object {
        "Action": "lambda:InvokeFunction",
        "FunctionName": Object {
          "Fn::GetAtt": Array [
            "ThingGroupApiUpdateThingGroupFunctionC3E79424",
            "Arn",
          ],
        },
        "Principal": "apigateway.amazonaws.com",
        "SourceArn": Object {
          "Fn::Join": Array [
            "",
            Array [
              "arn:",
              Object {
                "Ref": "AWS::Partition",
              },
              ":execute-api:",
              Object {
                "Ref": "AWS::Region",
              },
              ":",
              Object {
                "Ref": "AWS::AccountId",
              },
              ":",
              Object {
                "Ref": "ThingGroupApiThingGroupRestApiCB757BF2",
              },
              "/test-invoke-stage/PUT/thing-groups/*",
            ],
          ],
        },
      },
      "Type": "AWS::Lambda::Permission",
    },
    "ThingGroupApiThingGroupRestApithinggroupsthingGroupNamePUTApiPermissionteststackThingGroupApiThingGroupRestApi383FD1A9PUTthinggroupsthingGroupName37D31CEB": Object {
      "Properties": Object {
        "Action": "lambda:InvokeFunction",
        "FunctionName": Object {
          "Fn::GetAtt": Array [
            "ThingGroupApiUpdateThingGroupFunctionC3E79424",
            "Arn",
          ],
        },
        "Principal": "apigateway.amazonaws.com",
        "SourceArn": Object {
          "Fn::Join": Array [
            "",
            Array [
              "arn:",
              Object {
                "Ref": "AWS::Partition",
              },
              ":execute-api:",
              Object {
                "Ref": "AWS::Region",
              },
              ":",
              Object {
                "Ref": "AWS::AccountId",
              },
              ":",
              Object {
                "Ref": "ThingGroupApiThingGroupRestApiCB757BF2",
              },
              "/",
              Object {
                "Ref": "ThingGroupApiThingGroupRestApiDeploymentStageprod50BAFA84",
              },
              "/PUT/thing-groups/*",
            ],
          ],
        },
      },
      "Type": "AWS::Lambda::Permission",
    },
    "ThingGroupApiThingGroupRestApithinggroupsthingGroupNamethings0C0DA311": Object {
      "Properties": Object {
        "ParentId": Object {
          "Ref": "ThingGroupApiThingGroupRestApithinggroupsthingGroupNameF0A6E81A",
        },
        "PathPart": "things",
        "RestApiId": Object {
          "Ref": "ThingGroupApiThingGroupRestApiCB757BF2",
        },
      },
      "Type": "AWS::ApiGateway::Resource",
    },
    "ThingGroupApiThingGroupRestApithinggroupsthingGroupNamethingsOPTIONSE3AB95CB": Object {
      "Properties": Object {
        "AuthorizationType": "NONE",
        "HttpMethod": "OPTIONS",
        "Integration": Object {
          "IntegrationResponses": Array [
            Object {
              "ResponseParameters": Object {
                "method.response.header.Access-Control-Allow-Headers": "'Origin,Content-Type,Fetch-Mode,Accept,X-Amz-Date,Accept-Encoding,Authorization,cache-control,SyncCenter,X-Api-Key,X-Amz-Security-Token,X-Amz-User-Agent'",
                "method.response.header.Access-Control-Allow-Methods": "'OPTIONS,GET,PUT,POST,DELETE,PATCH,HEAD'",
                "method.response.header.Access-Control-Allow-Origin": "'*'",
              },
              "StatusCode": "204",
            },
          ],
          "RequestTemplates": Object {
            "application/json": "{ statusCode: 200 }",
          },
          "Type": "MOCK",
        },
        "MethodResponses": Array [
          Object {
            "ResponseParameters": Object {
              "method.response.header.Access-Control-Allow-Headers": true,
              "method.response.header.Access-Control-Allow-Methods": true,
              "method.response.header.Access-Control-Allow-Origin": true,
            },
            "StatusCode": "204",
          },
        ],
        "ResourceId": Object {
          "Ref": "ThingGroupApiThingGroupRestApithinggroupsthingGroupNamethings0C0DA311",
        },
        "RestApiId": Object {
          "Ref": "ThingGroupApiThingGroupRestApiCB757BF2",
        },
      },
      "Type": "AWS::ApiGateway::Method",
    },
    "ThingGroupApiThingGroupRestApithinggroupsthingGroupNamethingsthingName3C02E972": Object {
      "Properties": Object {
        "ParentId": Object {
          "Ref": "ThingGroupApiThingGroupRestApithinggroupsthingGroupNamethings0C0DA311",
        },
        "PathPart": "{thingName}",
        "RestApiId": Object {
          "Ref": "ThingGroupApiThingGroupRestApiCB757BF2",
        },
      },
      "Type": "AWS::ApiGateway::Resource",
    },
    "ThingGroupApiThingGroupRestApithinggroupsthingGroupNamethingsthingNameDELETEApiPermissionTestteststackThingGroupApiThingGroupRestApi383FD1A9DELETEthinggroupsthingGroupNamethingsthingNameB69BD703": Object {
      "Properties": Object {
        "Action": "lambda:InvokeFunction",
        "FunctionName": Object {
          "Fn::GetAtt": Array [
            "ThingGroupApiRemoveThingFromThingGroupFunction93A1EA24",
            "Arn",
          ],
        },
        "Principal": "apigateway.amazonaws.com",
        "SourceArn": Object {
          "Fn::Join": Array [
            "",
            Array [
              "arn:",
              Object {
                "Ref": "AWS::Partition",
              },
              ":execute-api:",
              Object {
                "Ref": "AWS::Region",
              },
              ":",
              Object {
                "Ref": "AWS::AccountId",
              },
              ":",
              Object {
                "Ref": "ThingGroupApiThingGroupRestApiCB757BF2",
              },
              "/test-invoke-stage/DELETE/thing-groups/*/things/*",
            ],
          ],
        },
      },
      "Type": "AWS::Lambda::Permission",
    },
    "ThingGroupApiThingGroupRestApithinggroupsthingGroupNamethingsthingNameDELETEApiPermissionteststackThingGroupApiThingGroupRestApi383FD1A9DELETEthinggroupsthingGroupNamethingsthingName8F6D6881": Object {
      "Properties": Object {
        "Action": "lambda:InvokeFunction",
        "FunctionName": Object {
          "Fn::GetAtt": Array [
            "ThingGroupApiRemoveThingFromThingGroupFunction93A1EA24",
            "Arn",
          ],
        },
        "Principal": "apigateway.amazonaws.com",
        "SourceArn": Object {
          "Fn::Join": Array [
            "",
            Array [
              "arn:",
              Object {
                "Ref": "AWS::Partition",
              },
              ":execute-api:",
              Object {
                "Ref": "AWS::Region",
              },
              ":",
              Object {
                "Ref": "AWS::AccountId",
              },
              ":",
              Object {
                "Ref": "ThingGroupApiThingGroupRestApiCB757BF2",
              },
              "/",
              Object {
                "Ref": "ThingGroupApiThingGroupRestApiDeploymentStageprod50BAFA84",
              },
              "/DELETE/thing-groups/*/things/*",
            ],
          ],
        },
      },
      "Type": "AWS::Lambda::Permission",
    },
    "ThingGroupApiThingGroupRestApithinggroupsthingGroupNamethingsthingNameDELETEB84CDAEA": Object {
      "Properties": Object {
        "AuthorizationType": "NONE",
        "HttpMethod": "DELETE",
        "Integration": Object {
          "IntegrationHttpMethod": "POST",
          "Type": "AWS_PROXY",
          "Uri": Object {
            "Fn::Join": Array [
              "",
              Array [
                "arn:",
                Object {
                  "Ref": "AWS::Partition",
                },
                ":apigateway:",
                Object {
                  "Ref": "AWS::Region",
                },
                ":lambda:path/2015-03-31/functions/",
                Object {
                  "Fn::GetAtt": Array [
                    "ThingGroupApiRemoveThingFromThingGroupFunction93A1EA24",
                    "Arn",
                  ],
                },
                "/invocations",
              ],
            ],
          },
        },
        "ResourceId": Object {
          "Ref": "ThingGroupApiThingGroupRestApithinggroupsthingGroupNamethingsthingName3C02E972",
        },
        "RestApiId": Object {
          "Ref": "ThingGroupApiThingGroupRestApiCB757BF2",
        },
      },
      "Type": "AWS::ApiGateway::Method",
    },
    "ThingGroupApiThingGroupRestApithinggroupsthingGroupNamethingsthingNameOPTIONS35C12128": Object {
      "Properties": Object {
        "AuthorizationType": "NONE",
        "HttpMethod": "OPTIONS",
        "Integration": Object {
          "IntegrationResponses": Array [
            Object {
              "ResponseParameters": Object {
                "method.response.header.Access-Control-Allow-Headers": "'Origin,Content-Type,Fetch-Mode,Accept,X-Amz-Date,Accept-Encoding,Authorization,cache-control,SyncCenter,X-Api-Key,X-Amz-Security-Token,X-Amz-User-Agent'",
                "method.response.header.Access-Control-Allow-Methods": "'OPTIONS,GET,PUT,POST,DELETE,PATCH,HEAD'",
                "method.response.header.Access-Control-Allow-Origin": "'*'",
              },
              "StatusCode": "204",
            },
          ],
          "RequestTemplates": Object {
            "application/json": "{ statusCode: 200 }",
          },
          "Type": "MOCK",
        },
        "MethodResponses": Array [
          Object {
            "ResponseParameters": Object {
              "method.response.header.Access-Control-Allow-Headers": true,
              "method.response.header.Access-Control-Allow-Methods": true,
              "method.response.header.Access-Control-Allow-Origin": true,
            },
            "StatusCode": "204",
          },
        ],
        "ResourceId": Object {
          "Ref": "ThingGroupApiThingGroupRestApithinggroupsthingGroupNamethingsthingName3C02E972",
        },
        "RestApiId": Object {
          "Ref": "ThingGroupApiThingGroupRestApiCB757BF2",
        },
      },
      "Type": "AWS::ApiGateway::Method",
    },
    "ThingGroupApiThingGroupRestApithinggroupsthingGroupNamethingsthingNamePUT76D4E59F": Object {
      "Properties": Object {
        "AuthorizationType": "NONE",
        "HttpMethod": "PUT",
        "Integration": Object {
          "IntegrationHttpMethod": "POST",
          "Type": "AWS_PROXY",
          "Uri": Object {
            "Fn::Join": Array [
              "",
              Array [
                "arn:",
                Object {
                  "Ref": "AWS::Partition",
                },
                ":apigateway:",
                Object {
                  "Ref": "AWS::Region",
                },
                ":lambda:path/2015-03-31/functions/",
                Object {
                  "Fn::GetAtt": Array [
                    "ThingGroupApiAddThingToThingGroupFunctionF4A159AF",
                    "Arn",
                  ],
                },
                "/invocations",
              ],
            ],
          },
        },
        "ResourceId": Object {
          "Ref": "ThingGroupApiThingGroupRestApithinggroupsthingGroupNamethingsthingName3C02E972",
        },
        "RestApiId": Object {
          "Ref": "ThingGroupApiThingGroupRestApiCB757BF2",
        },
      },
      "Type": "AWS::ApiGateway::Method",
    },
    "ThingGroupApiThingGroupRestApithinggroupsthingGroupNamethingsthingNamePUTApiPermissionTestteststackThingGroupApiThingGroupRestApi383FD1A9PUTthinggroupsthingGroupNamethingsthingName19432EC3": Object {
      "Properties": Object {
        "Action": "lambda:InvokeFunction",
        "FunctionName": Object {
          "Fn::GetAtt": Array [
            "ThingGroupApiAddThingToThingGroupFunctionF4A159AF",
            "Arn",
          ],
        },
        "Principal": "apigateway.amazonaws.com",
        "SourceArn": Object {
          "Fn::Join": Array [
            "",
            Array [
              "arn:",
              Object {
                "Ref": "AWS::Partition",
              },
              ":execute-api:",
              Object {
                "Ref": "AWS::Region",
              },
              ":",
              Object {
                "Ref": "AWS::AccountId",
              },
              ":",
              Object {
                "Ref": "ThingGroupApiThingGroupRestApiCB757BF2",
              },
              "/test-invoke-stage/PUT/thing-groups/*/things/*",
            ],
          ],
        },
      },
      "Type": "AWS::Lambda::Permission",
    },
    "ThingGroupApiThingGroupRestApithinggroupsthingGroupNamethingsthingNamePUTApiPermissionteststackThingGroupApiThingGroupRestApi383FD1A9PUTthinggroupsthingGroupNamethingsthingName91D3FC7B": Object {
      "Properties": Object {
        "Action": "lambda:InvokeFunction",
        "FunctionName": Object {
          "Fn::GetAtt": Array [
            "ThingGroupApiAddThingToThingGroupFunctionF4A159AF",
            "Arn",
          ],
        },
        "Principal": "apigateway.amazonaws.com",
        "SourceArn": Object {
          "Fn::Join": Array [
            "",
            Array [
              "arn:",
              Object {
                "Ref": "AWS::Partition",
              },
              ":execute-api:",
              Object {
                "Ref": "AWS::Region",
              },
              ":",
              Object {
                "Ref": "AWS::AccountId",
              },
              ":",
              Object {
                "Ref": "ThingGroupApiThingGroupRestApiCB757BF2",
              },
              "/",
              Object {
                "Ref": "ThingGroupApiThingGroupRestApiDeploymentStageprod50BAFA84",
              },
              "/PUT/thing-groups/*/things/*",
            ],
          ],
        },
      },
      "Type": "AWS::Lambda::Permission",
    },
    "ThingGroupApiUpdateDynamicThingGroupFunction3CEE9758": Object {
      "DependsOn": Array [
        "ThingGroupApiUpdateDynamicThingGroupFunctionServiceRole94D7BEC3",
      ],
      "Properties": Object {
        "Code": Object {
          "S3Bucket": Object {
            "Fn::Sub": "cdk-hnb659fds-assets-\${AWS::AccountId}-\${AWS::Region}",
          },
          "S3Key": "798f9503103edbc7e3b2821fbc80030db990d13c9833ef355e73d6fc142631c4.zip",
        },
        "Environment": Object {
          "Variables": Object {
            "AWS_NODEJS_CONNECTION_REUSE_ENABLED": "1",
          },
        },
        "Handler": "index.handler",
        "Role": Object {
          "Fn::GetAtt": Array [
            "ThingGroupApiUpdateDynamicThingGroupFunctionServiceRole94D7BEC3",
            "Arn",
          ],
        },
        "Runtime": "nodejs14.x",
      },
      "Type": "AWS::Lambda::Function",
    },
    "ThingGroupApiUpdateDynamicThingGroupFunctionServiceRole94D7BEC3": Object {
      "Properties": Object {
        "AssumeRolePolicyDocument": Object {
          "Statement": Array [
            Object {
              "Action": "sts:AssumeRole",
              "Effect": "Allow",
              "Principal": Object {
                "Service": "lambda.amazonaws.com",
              },
            },
          ],
          "Version": "2012-10-17",
        },
        "ManagedPolicyArns": Array [
          Object {
            "Fn::Join": Array [
              "",
              Array [
                "arn:",
                Object {
                  "Ref": "AWS::Partition",
                },
                ":iam::aws:policy/service-role/AWSLambdaBasicExecutionRole",
              ],
            ],
          },
        ],
      },
      "Type": "AWS::IAM::Role",
    },
    "ThingGroupApiUpdateThingGroupFunctionC3E79424": Object {
      "DependsOn": Array [
        "ThingGroupApiUpdateThingGroupFunctionServiceRole39DC05F4",
      ],
      "Properties": Object {
        "Code": Object {
          "S3Bucket": Object {
            "Fn::Sub": "cdk-hnb659fds-assets-\${AWS::AccountId}-\${AWS::Region}",
          },
          "S3Key": "b6a7356d4a60d57bbea2a1f867d08b226250dddf81c54c01b1939f3abf77dba3.zip",
        },
        "Environment": Object {
          "Variables": Object {
            "AWS_NODEJS_CONNECTION_REUSE_ENABLED": "1",
          },
        },
        "Handler": "index.handler",
        "Role": Object {
          "Fn::GetAtt": Array [
            "ThingGroupApiUpdateThingGroupFunctionServiceRole39DC05F4",
            "Arn",
          ],
        },
        "Runtime": "nodejs14.x",
      },
      "Type": "AWS::Lambda::Function",
    },
    "ThingGroupApiUpdateThingGroupFunctionServiceRole39DC05F4": Object {
      "Properties": Object {
        "AssumeRolePolicyDocument": Object {
          "Statement": Array [
            Object {
              "Action": "sts:AssumeRole",
              "Effect": "Allow",
              "Principal": Object {
                "Service": "lambda.amazonaws.com",
              },
            },
          ],
          "Version": "2012-10-17",
        },
        "ManagedPolicyArns": Array [
          Object {
            "Fn::Join": Array [
              "",
              Array [
                "arn:",
                Object {
                  "Ref": "AWS::Partition",
                },
                ":iam::aws:policy/service-role/AWSLambdaBasicExecutionRole",
              ],
            ],
          },
        ],
      },
      "Type": "AWS::IAM::Role",
    },
    "ThingGroupApiiotaddthingtothinggrouppolicy330A6FD8": Object {
      "Properties": Object {
        "PolicyDocument": Object {
          "Statement": Array [
            Object {
              "Action": "iot:AddThingToThingGroup",
              "Effect": "Allow",
              "Resource": "*",
            },
          ],
          "Version": "2012-10-17",
        },
        "PolicyName": "ThingGroupApiiotaddthingtothinggrouppolicy330A6FD8",
        "Roles": Array [
          Object {
            "Ref": "ThingGroupApiAddThingToThingGroupFunctionServiceRoleEBD59FAC",
          },
        ],
      },
      "Type": "AWS::IAM::Policy",
    },
    "ThingGroupApiiotcreatedynamicthinggrouppolicy3239BF3E": Object {
      "Properties": Object {
        "PolicyDocument": Object {
          "Statement": Array [
            Object {
              "Action": "iot:CreateDynamicThingGroup",
              "Effect": "Allow",
              "Resource": "*",
            },
          ],
          "Version": "2012-10-17",
        },
        "PolicyName": "ThingGroupApiiotcreatedynamicthinggrouppolicy3239BF3E",
        "Roles": Array [
          Object {
            "Ref": "ThingGroupApiCreateDynamicThingGroupFunctionServiceRoleB8CB9456",
          },
        ],
      },
      "Type": "AWS::IAM::Policy",
    },
    "ThingGroupApiiotcreatethinggrouppolicy16DC8197": Object {
      "Properties": Object {
        "PolicyDocument": Object {
          "Statement": Array [
            Object {
              "Action": "iot:CreateThingGroup",
              "Effect": "Allow",
              "Resource": "*",
            },
          ],
          "Version": "2012-10-17",
        },
        "PolicyName": "ThingGroupApiiotcreatethinggrouppolicy16DC8197",
        "Roles": Array [
          Object {
            "Ref": "ThingGroupApiCreateThingGroupFunctionServiceRoleFF9C912C",
          },
        ],
      },
      "Type": "AWS::IAM::Policy",
    },
    "ThingGroupApiiotdeletedynamicthinggrouppolicyC88692C6": Object {
      "Properties": Object {
        "PolicyDocument": Object {
          "Statement": Array [
            Object {
              "Action": "iot:DeleteDynamicThingGroup",
              "Effect": "Allow",
              "Resource": "*",
            },
          ],
          "Version": "2012-10-17",
        },
        "PolicyName": "ThingGroupApiiotdeletedynamicthinggrouppolicyC88692C6",
        "Roles": Array [
          Object {
            "Ref": "ThingGroupApiDeleteDynamicThingGroupFunctionServiceRole287BF546",
          },
        ],
      },
      "Type": "AWS::IAM::Policy",
    },
    "ThingGroupApiiotdeletethinggrouppolicy3741DF5D": Object {
      "Properties": Object {
        "PolicyDocument": Object {
          "Statement": Array [
            Object {
              "Action": "iot:DeleteThingGroup",
              "Effect": "Allow",
              "Resource": "*",
            },
          ],
          "Version": "2012-10-17",
        },
        "PolicyName": "ThingGroupApiiotdeletethinggrouppolicy3741DF5D",
        "Roles": Array [
          Object {
            "Ref": "ThingGroupApiDeleteThingGroupFunctionServiceRole8D37D199",
          },
        ],
      },
      "Type": "AWS::IAM::Policy",
    },
    "ThingGroupApiiotdescribethinggrouppolicyD42BA821": Object {
      "Properties": Object {
        "PolicyDocument": Object {
          "Statement": Array [
            Object {
              "Action": "iot:DescribeThingGroup",
              "Effect": "Allow",
              "Resource": "*",
            },
          ],
          "Version": "2012-10-17",
        },
        "PolicyName": "ThingGroupApiiotdescribethinggrouppolicyD42BA821",
        "Roles": Array [
          Object {
            "Ref": "ThingGroupApiGetThingGroupFunctionServiceRole80688DA1",
          },
        ],
      },
      "Type": "AWS::IAM::Policy",
    },
    "ThingGroupApiiotlistthingspolicy91AE084B": Object {
      "Properties": Object {
        "PolicyDocument": Object {
          "Statement": Array [
            Object {
              "Action": "iot:ListThingGroups",
              "Effect": "Allow",
              "Resource": "*",
            },
          ],
          "Version": "2012-10-17",
        },
        "PolicyName": "ThingGroupApiiotlistthingspolicy91AE084B",
        "Roles": Array [
          Object {
            "Ref": "ThingGroupApiListThingGroupsFunctionServiceRole8A98D7BD",
          },
        ],
      },
      "Type": "AWS::IAM::Policy",
    },
    "ThingGroupApiiotremovethingfromthinggrouppolicy818DE0C7": Object {
      "Properties": Object {
        "PolicyDocument": Object {
          "Statement": Array [
            Object {
              "Action": "iot:RemoveThingFromThingGroup",
              "Effect": "Allow",
              "Resource": "*",
            },
          ],
          "Version": "2012-10-17",
        },
        "PolicyName": "ThingGroupApiiotremovethingfromthinggrouppolicy818DE0C7",
        "Roles": Array [
          Object {
            "Ref": "ThingGroupApiRemoveThingFromThingGroupFunctionServiceRoleD8AB0AC9",
          },
        ],
      },
      "Type": "AWS::IAM::Policy",
    },
    "ThingGroupApiiotupdatedynamicthinggrouppolicy614ADD4F": Object {
      "Properties": Object {
        "PolicyDocument": Object {
          "Statement": Array [
            Object {
              "Action": "iot:UpdateDynamicThingGroup",
              "Effect": "Allow",
              "Resource": "*",
            },
          ],
          "Version": "2012-10-17",
        },
        "PolicyName": "ThingGroupApiiotupdatedynamicthinggrouppolicy614ADD4F",
        "Roles": Array [
          Object {
            "Ref": "ThingGroupApiUpdateDynamicThingGroupFunctionServiceRole94D7BEC3",
          },
        ],
      },
      "Type": "AWS::IAM::Policy",
    },
    "ThingGroupApiiotupdatethinggrouppolicy3378B146": Object {
      "Properties": Object {
        "PolicyDocument": Object {
          "Statement": Array [
            Object {
              "Action": "iot:UpdateThingGroup",
              "Effect": "Allow",
              "Resource": "*",
            },
          ],
          "Version": "2012-10-17",
        },
        "PolicyName": "ThingGroupApiiotupdatethinggrouppolicy3378B146",
        "Roles": Array [
          Object {
            "Ref": "ThingGroupApiUpdateThingGroupFunctionServiceRole39DC05F4",
          },
        ],
      },
      "Type": "AWS::IAM::Policy",
    },
  },
  "Rules": Object {
    "CheckBootstrapVersion": Object {
      "Assertions": Array [
        Object {
          "Assert": Object {
            "Fn::Not": Array [
              Object {
                "Fn::Contains": Array [
                  Array [
                    "1",
                    "2",
                    "3",
                    "4",
                    "5",
                  ],
                  Object {
                    "Ref": "BootstrapVersion",
                  },
                ],
              },
            ],
          },
          "AssertDescription": "CDK bootstrap stack version 6 required. Please run 'cdk bootstrap' with a recent version of the CDK CLI.",
        },
      ],
    },
  },
}
`;
